Component: ARM Compiler 5.05 update 1 (build 106) Tool: armlink [4d0efa]

==============================================================================

Section Cross References

    stm32f1xx_hal_msp.o(i.HAL_MspInit) refers to stm32f1xx_hal_cortex.o(i.HAL_NVIC_SetPriorityGrouping) for HAL_NVIC_SetPriorityGrouping
    stm32f1xx_hal_msp.o(i.HAL_MspInit) refers to stm32f1xx_hal_cortex.o(i.HAL_NVIC_SetPriority) for HAL_NVIC_SetPriority
    stm32f1xx_hal_msp.o(i.HAL_TIM_Base_MspDeInit) refers to stm32f1xx_hal_cortex.o(i.HAL_NVIC_DisableIRQ) for HAL_NVIC_DisableIRQ
    stm32f1xx_hal_msp.o(i.HAL_UART_MspDeInit) refers to stm32f1xx_hal_gpio.o(i.HAL_GPIO_DeInit) for HAL_GPIO_DeInit
    stm32f1xx_hal_msp.o(i.HAL_UART_MspDeInit) refers to stm32f1xx_hal_cortex.o(i.HAL_NVIC_DisableIRQ) for HAL_NVIC_DisableIRQ
    stm32f1xx_hal_msp.o(i.HAL_UART_MspInit) refers to stm32f1xx_hal_gpio.o(i.HAL_GPIO_Init) for HAL_GPIO_Init
    stm32f1xx_hal_msp.o(i.HAL_UART_MspInit) refers to stm32f1xx_hal_cortex.o(i.HAL_NVIC_SetPriority) for HAL_NVIC_SetPriority
    stm32f1xx_hal_msp.o(i.HAL_UART_MspInit) refers to stm32f1xx_hal_cortex.o(i.HAL_NVIC_EnableIRQ) for HAL_NVIC_EnableIRQ
    main.o(i.MX_TIM2_Init) refers to stm32f1xx_hal_tim.o(i.HAL_TIM_Base_Init) for HAL_TIM_Base_Init
    main.o(i.MX_TIM2_Init) refers to stm32f1xx_hal_tim.o(i.HAL_TIM_ConfigClockSource) for HAL_TIM_ConfigClockSource
    main.o(i.MX_TIM2_Init) refers to stm32f1xx_hal_tim_ex.o(i.HAL_TIMEx_MasterConfigSynchronization) for HAL_TIMEx_MasterConfigSynchronization
    main.o(i.MX_TIM2_Init) refers to main.o(.bss) for .bss
    main.o(i.SystemClock_Config) refers to stm32f1xx_hal_rcc.o(i.HAL_RCC_OscConfig) for HAL_RCC_OscConfig
    main.o(i.SystemClock_Config) refers to stm32f1xx_hal_rcc.o(i.HAL_RCC_ClockConfig) for HAL_RCC_ClockConfig
    main.o(i.SystemClock_Config) refers to stm32f1xx_hal_rcc.o(i.HAL_RCC_GetHCLKFreq) for HAL_RCC_GetHCLKFreq
    main.o(i.SystemClock_Config) refers to stm32f1xx_hal_cortex.o(i.HAL_SYSTICK_Config) for HAL_SYSTICK_Config
    main.o(i.SystemClock_Config) refers to stm32f1xx_hal_cortex.o(i.HAL_SYSTICK_CLKSourceConfig) for HAL_SYSTICK_CLKSourceConfig
    main.o(i.SystemClock_Config) refers to stm32f1xx_hal_cortex.o(i.HAL_NVIC_SetPriority) for HAL_NVIC_SetPriority
    main.o(i.key1LongPress) refers to printf8.o(i.__0printf$8) for __2printf
    main.o(i.key1LongPress) refers to gizwits_protocol.o(i.gizwitsSetMode) for gizwitsSetMode
    main.o(i.key1ShortPress) refers to printf8.o(i.__0printf$8) for __2printf
    main.o(i.key1ShortPress) refers to gizwits_protocol.o(i.gizwitsSetMode) for gizwitsSetMode
    main.o(i.key2LongPress) refers to printf8.o(i.__0printf$8) for __2printf
    main.o(i.key2LongPress) refers to gizwits_protocol.o(i.gizwitsSetMode) for gizwitsSetMode
    main.o(i.key2ShortPress) refers to printf8.o(i.__0printf$8) for __2printf
    main.o(i.key2ShortPress) refers to gizwits_protocol.o(i.gizwitsSetMode) for gizwitsSetMode
    main.o(i.keyInit) refers to hal_key.o(i.keyParaInit) for keyParaInit
    main.o(i.keyInit) refers to main.o(.bss) for .bss
    main.o(i.keyInit) refers to main.o(.data) for .data
    main.o(i.main) refers to stm32f1xx_hal.o(i.HAL_Init) for HAL_Init
    main.o(i.main) refers to main.o(i.SystemClock_Config) for SystemClock_Config
    main.o(i.main) refers to main.o(i.MX_TIM2_Init) for MX_TIM2_Init
    main.o(i.main) refers to stm32f1xx_hal_uart.o(i.HAL_UART_Init) for HAL_UART_Init
    main.o(i.main) refers to stm32f1xx_hal_cortex.o(i.HAL_NVIC_SetPriority) for HAL_NVIC_SetPriority
    main.o(i.main) refers to stm32f1xx_hal_cortex.o(i.HAL_NVIC_EnableIRQ) for HAL_NVIC_EnableIRQ
    main.o(i.main) refers to gizwits_product.o(i.timerInit) for timerInit
    main.o(i.main) refers to gizwits_product.o(i.uartInit) for uartInit
    main.o(i.main) refers to gizwits_product.o(i.userInit) for userInit
    main.o(i.main) refers to gizwits_protocol.o(i.gizwitsInit) for gizwitsInit
    main.o(i.main) refers to main.o(i.keyInit) for keyInit
    main.o(i.main) refers to printf8.o(i.__0printf$8) for __2printf
    main.o(i.main) refers to user_flash.o(i.printFlashTest) for printFlashTest
    main.o(i.main) refers to user_flash.o(i.writeFlashTest) for writeFlashTest
    main.o(i.main) refers to memcpya.o(.text) for __aeabi_memcpy4
    main.o(i.main) refers to gizwits_product.o(i.userHandle) for userHandle
    main.o(i.main) refers to gizwits_protocol.o(i.gizwitsHandle) for gizwitsHandle
    main.o(i.main) refers to main.o(.bss) for .bss
    main.o(i.main) refers to main.o(.conststring) for .conststring
    main.o(i.main) refers to gizwits_product.o(.bss) for currentDataPoint
    stm32f1xx_it.o(i.SysTick_Handler) refers to stm32f1xx_hal.o(i.HAL_IncTick) for HAL_IncTick
    stm32f1xx_it.o(i.SysTick_Handler) refers to stm32f1xx_hal_cortex.o(i.HAL_SYSTICK_IRQHandler) for HAL_SYSTICK_IRQHandler
    stm32f1xx_it.o(i.TIM2_IRQHandler) refers to stm32f1xx_hal_tim.o(i.HAL_TIM_IRQHandler) for HAL_TIM_IRQHandler
[...]
    Removing stm32f1xx_hal_pwr.o(i.HAL_PWR_EnterSTANDBYMode), (32 bytes).
    Removing stm32f1xx_hal_pwr.o(i.HAL_PWR_EnterSTOPMode), (68 bytes).
    Removing stm32f1xx_hal_pwr.o(i.HAL_PWR_PVDCallback), (2 bytes).
    Removing stm32f1xx_hal_pwr.o(i.HAL_PWR_PVD_IRQHandler), (28 bytes).
    Removing stm32f1xx_hal_pwr.o(i.PWR_OverloadWfe), (6 bytes).
    Removing stm32f1xx_hal_uart.o(.rev16_text), (4 bytes).
    Removing stm32f1xx_hal_uart.o(.revsh_text), (4 bytes).
    Removing stm32f1xx_hal_uart.o(.rrx_text), (6 bytes).
    Removing stm32f1xx_hal_uart.o(i.HAL_HalfDuplex_EnableReceiver), (50 bytes).
    Removing stm32f1xx_hal_uart.o(i.HAL_HalfDuplex_EnableTransmitter), (50 bytes).
    Removing stm32f1xx_hal_uart.o(i.HAL_HalfDuplex_Init), (108 bytes).
    Removing stm32f1xx_hal_uart.o(i.HAL_LIN_Init), (122 bytes).
    Removing stm32f1xx_hal_uart.o(i.HAL_LIN_SendBreak), (46 bytes).
    Removing stm32f1xx_hal_uart.o(i.HAL_MultiProcessor_EnterMuteMode), (46 bytes).
    Removing stm32f1xx_hal_uart.o(i.HAL_MultiProcessor_ExitMuteMode), (46 bytes).
    Removing stm32f1xx_hal_uart.o(i.HAL_MultiProcessor_Init), (130 bytes).
    Removing stm32f1xx_hal_uart.o(i.HAL_UART_Abort), (104 bytes).
    Removing stm32f1xx_hal_uart.o(i.HAL_UART_AbortCpltCallback), (2 bytes).
    Removing stm32f1xx_hal_uart.o(i.HAL_UART_AbortReceive), (68 bytes).
    Removing stm32f1xx_hal_uart.o(i.HAL_UART_AbortReceiveCpltCallback), (2 bytes).
    Removing stm32f1xx_hal_uart.o(i.HAL_UART_AbortReceive_IT), (92 bytes).
    Removing stm32f1xx_hal_uart.o(i.HAL_UART_AbortTransmit), (58 bytes).
    Removing stm32f1xx_hal_uart.o(i.HAL_UART_AbortTransmitCpltCallback), (2 bytes).
    Removing stm32f1xx_hal_uart.o(i.HAL_UART_AbortTransmit_IT), (84 bytes).
    Removing stm32f1xx_hal_uart.o(i.HAL_UART_Abort_IT), (172 bytes).
    Removing stm32f1xx_hal_uart.o(i.HAL_UART_DMAPause), (102 bytes).
    Removing stm32f1xx_hal_uart.o(i.HAL_UART_DMAResume), (94 bytes).
    Removing stm32f1xx_hal_uart.o(i.HAL_UART_DMAStop), (88 bytes).
    Removing stm32f1xx_hal_uart.o(i.HAL_UART_DeInit), (40 bytes).
    Removing stm32f1xx_hal_uart.o(i.HAL_UART_GetError), (4 bytes).
    Removing stm32f1xx_hal_uart.o(i.HAL_UART_GetState), (10 bytes).
    Removing stm32f1xx_hal_uart.o(i.HAL_UART_MspDeInit), (2 bytes).
    Removing stm32f1xx_hal_uart.o(i.HAL_UART_MspInit), (2 bytes).
    Removing stm32f1xx_hal_uart.o(i.HAL_UART_Receive), (184 bytes).
    Removing stm32f1xx_hal_uart.o(i.HAL_UART_Receive_DMA), (152 bytes).
    Removing stm32f1xx_hal_uart.o(i.HAL_UART_RxCpltCallback), (2 bytes).
    Removing stm32f1xx_hal_uart.o(i.HAL_UART_RxHalfCpltCallback), (2 bytes).
    Removing stm32f1xx_hal_uart.o(i.HAL_UART_Transmit_DMA), (128 bytes).
    Removing stm32f1xx_hal_uart.o(i.HAL_UART_TxHalfCpltCallback), (2 bytes).
    Removing stm32f1xx_hal_uart.o(i.UART_DMAError), (74 bytes).
    Removing stm32f1xx_hal_uart.o(i.UART_DMAReceiveCplt), (60 bytes).
    Removing stm32f1xx_hal_uart.o(i.UART_DMARxAbortCallback), (42 bytes).
    Removing stm32f1xx_hal_uart.o(i.UART_DMARxHalfCplt), (10 bytes).
    Removing stm32f1xx_hal_uart.o(i.UART_DMARxOnlyAbortCallback), (20 bytes).
    Removing stm32f1xx_hal_uart.o(i.UART_DMATransmitCplt), (46 bytes).
    Removing stm32f1xx_hal_uart.o(i.UART_DMATxAbortCallback), (42 bytes).
    Removing stm32f1xx_hal_uart.o(i.UART_DMATxHalfCplt), (10 bytes).
    Removing stm32f1xx_hal_uart.o(i.UART_DMATxOnlyAbortCallback), (20 bytes).
    Removing stm32f1xx_hal_uart.o(i.UART_EndTxTransfer), (18 bytes).
    Removing startup_stm32f103xb.o(HEAP), (2048 bytes).
    Removing system_stm32f1xx.o(.rev16_text), (4 bytes).
    Removing system_stm32f1xx.o(.revsh_text), (4 bytes).
    Removing system_stm32f1xx.o(.rrx_text), (6 bytes).
    Removing system_stm32f1xx.o(i.SystemCoreClockUpdate), (104 bytes).
    Removing fmul.o(.text), (100 bytes).
    Removing ffltui.o(.text), (10 bytes).
    Removing dadd.o(.text), (334 bytes).
    Removing dmul.o(.text), (228 bytes).
    Removing ddiv.o(.text), (222 bytes).
    Removing dfixul.o(.text), (48 bytes).
    Removing cdrcmple.o(.text), (48 bytes).
    Removing depilogue.o(.text), (186 bytes).

352 unused section(s) (total 22502 bytes) removed from the image.

==============================================================================

Image Symbol Table

    Local Symbols

    Symbol Name                              Value     Ov Type        Size  Object(Section)

    ../Drivers/STM32F1xx_HAL_Driver/Src/stm32f1xx_hal.c 0x00000000   Number         0  stm32f1xx_hal.o ABSOLUTE
    ../Drivers/STM32F1xx_HAL_Driver/Src/stm32f1xx_hal_cortex.c 0x00000000   Number         0  stm32f1xx_hal_cortex.o ABSOLUTE
    ../Drivers/STM32F1xx_HAL_Driver/Src/stm32f1xx_hal_dma.c 0x00000000   Number         0  stm32f1xx_hal_dma.o ABSOLUTE
    ../Drivers/STM32F1xx_HAL_Driver/Src/stm32f1xx_hal_flash.c 0x00000000   Number         0  stm32f1xx_hal_flash.o ABSOLUTE
    ../Drivers/STM32F1xx_HAL_Driver/Src/stm32f1xx_hal_flash_ex.c 0x00000000   Number         0  stm32f1xx_hal_flash_ex.o ABSOLUTE
    ../Drivers/STM32F1xx_HAL_Driver/Src/stm32f1xx_hal_gpio.c 0x00000000   Number         0  stm32f1xx_hal_gpio.o ABSOLUTE
    ../Drivers/STM32F1xx_HAL_Driver/Src/stm32f1xx_hal_gpio_ex.c 0x00000000   Number         0  stm32f1xx_hal_gpio_ex.o ABSOLUTE
    ../Drivers/STM32F1xx_HAL_Driver/Src/stm32f1xx_hal_pwr.c 0x00000000   Number         0  stm32f1xx_hal_pwr.o ABSOLUTE
    ../Drivers/STM32F1xx_HAL_Driver/Src/stm32f1xx_hal_rcc.c 0x00000000   Number         0  stm32f1xx_hal_rcc.o ABSOLUTE
    ../Drivers/STM32F1xx_HAL_Driver/Src/stm32f1xx_hal_rcc_ex.c 0x00000000   Number         0  stm32f1xx_hal_rcc_ex.o ABSOLUTE
    ../Drivers/STM32F1xx_HAL_Driver/Src/stm32f1xx_hal_tim.c 0x00000000   Number         0  stm32f1xx_hal_tim.o ABSOLUTE
    ../Drivers/STM32F1xx_HAL_Driver/Src/stm32f1xx_hal_tim_ex.c 0x00000000   Number         0  stm32f1xx_hal_tim_ex.o ABSOLUTE
    ../Drivers/STM32F1xx_HAL_Driver/Src/stm32f1xx_hal_uart.c 0x00000000   Number         0  stm32f1xx_hal_uart.o ABSOLUTE
    ../Src/main.c                            0x00000000   Number         0  main.o ABSOLUTE
    ../Src/stm32f1xx_hal_msp.c               0x00000000   Number         0  stm32f1xx_hal_msp.o ABSOLUTE
    ../Src/stm32f1xx_it.c                    0x00000000   Number         0  stm32f1xx_it.o ABSOLUTE
    ../Src/system_stm32f1xx.c                0x00000000   Number         0  system_stm32f1xx.o ABSOLUTE
    ../clib/microlib/ctype/toupper.c         0x00000000   Number         0  toupper.o ABSOLUTE
    ../clib/microlib/division.c              0x00000000   Number         0  uldiv.o ABSOLUTE
    ../clib/microlib/division.c              0x00000000   Number         0  uidiv.o ABSOLUTE
    ../clib/microlib/init/entry.s            0x00000000   Number         0  entry8b.o ABSOLUTE
    ../clib/microlib/init/entry.s            0x00000000   Number         0  entry8a.o ABSOLUTE
    ../clib/microlib/init/entry.s            0x00000000   Number         0  entry7b.o ABSOLUTE
    ../clib/microlib/init/entry.s            0x00000000   Number         0  entry7a.o ABSOLUTE
    ../clib/microlib/init/entry.s            0x00000000   Number         0  entry9a.o ABSOLUTE
    ../clib/microlib/init/entry.s            0x00000000   Number         0  entry5.o ABSOLUTE
    ../clib/microlib/init/entry.s            0x00000000   Number         0  entry.o ABSOLUTE
    ../clib/microlib/init/entry.s            0x00000000   Number         0  entry2.o ABSOLUTE
    ../clib/microlib/init/entry.s            0x00000000   Number         0  entry11b.o ABSOLUTE
    ../clib/microlib/init/entry.s            0x00000000   Number         0  entry11a.o ABSOLUTE
    ../clib/microlib/init/entry.s            0x00000000   Number         0  entry10b.o ABSOLUTE
    ../clib/microlib/init/entry.s            0x00000000   Number         0  entry10a.o ABSOLUTE
    ../clib/microlib/init/entry.s            0x00000000   Number         0  entry9b.o ABSOLUTE
    ../clib/microlib/longlong.c              0x00000000   Number         0  llsshr.o ABSOLUTE
    ../clib/microlib/longlong.c              0x00000000   Number         0  llushr.o ABSOLUTE
    ../clib/microlib/longlong.c              0x00000000   Number         0  llshl.o ABSOLUTE
    ../clib/microlib/malloc/malloc.c         0x00000000   Number         0  mallocra.o ABSOLUTE
    ../clib/microlib/malloc/malloc.c         0x00000000   Number         0  malloca.o ABSOLUTE
    ../clib/microlib/malloc/malloc.c         0x00000000   Number         0  mallocr.o ABSOLUTE
    ../clib/microlib/malloc/malloc.c         0x00000000   Number         0  malloc.o ABSOLUTE
    ../clib/microlib/malloc/mvars.c          0x00000000   Number         0  mvars.o ABSOLUTE
    ../clib/microlib/printf/printf.c         0x00000000   Number         0  printf4.o ABSOLUTE
    ../clib/microlib/printf/printf.c         0x00000000   Number         0  printf5.o ABSOLUTE
    ../clib/microlib/printf/printf.c         0x00000000   Number         0  printf6.o ABSOLUTE
    ../clib/microlib/printf/printf.c         0x00000000   Number         0  printf2.o ABSOLUTE
    ../clib/microlib/printf/printf.c         0x00000000   Number         0  printf1.o ABSOLUTE
    ../clib/microlib/printf/printf.c         0x00000000   Number         0  printf0.o ABSOLUTE
    ../clib/microlib/printf/printf.c         0x00000000   Number         0  printfa.o ABSOLUTE
    ../clib/microlib/printf/printf.c         0x00000000   Number         0  printf7.o ABSOLUTE
    ../clib/microlib/printf/printf.c         0x00000000   Number         0  printfb.o ABSOLUTE
    ../clib/microlib/printf/printf.c         0x00000000   Number         0  printf8.o ABSOLUTE
    ../clib/microlib/printf/printf.c         0x00000000   Number         0  printf3.o ABSOLUTE
    ../clib/microlib/printf/stubs.s          0x00000000   Number         0  stubs.o ABSOLUTE
    ../clib/microlib/stdio/streams.c         0x00000000   Number         0  stdout.o ABSOLUTE
    ../clib/microlib/string/memcpy.c         0x00000000   Number         0  memcpya.o ABSOLUTE
    ../clib/microlib/string/memcpy.c         0x00000000   Number         0  memcpyb.o ABSOLUTE
    ../clib/microlib/string/memset.c         0x00000000   Number         0  memseta.o ABSOLUTE
    ../clib/microlib/string/strlen.c         0x00000000   Number         0  strlen.o ABSOLUTE
    ../clib/microlib/stubs.s                 0x00000000   Number         0  iusefp.o ABSOLUTE
    ../fplib/microlib/fpadd.c                0x00000000   Number         0  fadd.o ABSOLUTE
    ../fplib/microlib/fpadd.c                0x00000000   Number         0  dadd.o ABSOLUTE
    ../fplib/microlib/fpdiv.c                0x00000000   Number         0  ddiv.o ABSOLUTE
    ../fplib/microlib/fpdiv.c                0x00000000   Number         0  fdiv.o ABSOLUTE
    ../fplib/microlib/fpepilogue.c           0x00000000   Number         0  depilogue.o ABSOLUTE
    ../fplib/microlib/fpepilogue.c           0x00000000   Number         0  fepilogue.o ABSOLUTE
    ../fplib/microlib/fpfix.c                0x00000000   Number         0  dfixul.o ABSOLUTE
    ../fplib/microlib/fpfix.c                0x00000000   Number         0  ffixui.o ABSOLUTE
    ../fplib/microlib/fpflt.c                0x00000000   Number         0  ffltui.o ABSOLUTE
    ../fplib/microlib/fpmul.c                0x00000000   Number         0  dmul.o ABSOLUTE
    ../fplib/microlib/fpmul.c                0x00000000   Number         0  fmul.o ABSOLUTE
    ..\Drivers\STM32F1xx_HAL_Driver\Src\stm32f1xx_hal.c 0x00000000   Number         0  stm32f1xx_hal.o ABSOLUTE
    ..\Drivers\STM32F1xx_HAL_Driver\Src\stm32f1xx_hal_cortex.c 0x00000000   Number         0  stm32f1xx_hal_cortex.o ABSOLUTE
    ..\Drivers\STM32F1xx_HAL_Driver\Src\stm32f1xx_hal_dma.c 0x00000000   Number         0  stm32f1xx_hal_dma.o ABSOLUTE
    ..\Drivers\STM32F1xx_HAL_Driver\Src\stm32f1xx_hal_flash.c 0x00000000   Number         0  stm32f1xx_hal_flash.o ABSOLUTE
    ..\Drivers\STM32F1xx_HAL_Driver\Src\stm32f1xx_hal_flash_ex.c 0x00000000   Number         0  stm32f1xx_hal_flash_ex.o ABSOLUTE
    ..\Drivers\STM32F1xx_HAL_Driver\Src\stm32f1xx_hal_gpio.c 0x00000000   Number         0  stm32f1xx_hal_gpio.o ABSOLUTE
    ..\Drivers\STM32F1xx_HAL_Driver\Src\stm32f1xx_hal_gpio_ex.c 0x00000000   Number         0  stm32f1xx_hal_gpio_ex.o ABSOLUTE
    ..\Drivers\STM32F1xx_HAL_Driver\Src\stm32f1xx_hal_pwr.c 0x00000000   Number         0  stm32f1xx_hal_pwr.o ABSOLUTE
    ..\Drivers\STM32F1xx_HAL_Driver\Src\stm32f1xx_hal_rcc.c 0x00000000   Number         0  stm32f1xx_hal_rcc.o ABSOLUTE
    ..\Drivers\STM32F1xx_HAL_Driver\Src\stm32f1xx_hal_rcc_ex.c 0x00000000   Number         0  stm32f1xx_hal_rcc_ex.o ABSOLUTE
    ..\Drivers\STM32F1xx_HAL_Driver\Src\stm32f1xx_hal_tim.c 0x00000000   Number         0  stm32f1xx_hal_tim.o ABSOLUTE
    ..\Drivers\STM32F1xx_HAL_Driver\Src\stm32f1xx_hal_tim_ex.c 0x00000000   Number         0  stm32f1xx_hal_tim_ex.o ABSOLUTE
    ..\Drivers\STM32F1xx_HAL_Driver\Src\stm32f1xx_hal_uart.c 0x00000000   Number         0  stm32f1xx_hal_uart.o ABSOLUTE
    ..\Gizwits\gizwits_product.c             0x00000000   Number         0  gizwits_product.o ABSOLUTE
    ..\Gizwits\gizwits_protocol.c            0x00000000   Number         0  gizwits_protocol.o ABSOLUTE
    ..\Hal\gps.c                             0x00000000   Number         0  gps.o ABSOLUTE
    ..\Hal\hal_key.c                         0x00000000   Number         0  hal_key.o ABSOLUTE
    ..\Hal\user_flash.c                      0x00000000   Number         0  user_flash.o ABSOLUTE
    ..\Src\main.c                            0x00000000   Number         0  main.o ABSOLUTE
    ..\Src\stm32f1xx_hal_msp.c               0x00000000   Number         0  stm32f1xx_hal_msp.o ABSOLUTE
    ..\Src\stm32f1xx_it.c                    0x00000000   Number         0  stm32f1xx_it.o ABSOLUTE
    ..\Src\system_stm32f1xx.c                0x00000000   Number         0  system_stm32f1xx.o ABSOLUTE
    ..\Utils\common.c                        0x00000000   Number         0  common.o ABSOLUTE
    ..\Utils\dataPointTools.c                0x00000000   Number         0  datapointtools.o ABSOLUTE
    ..\Utils\ringbuffer.c                    0x00000000   Number         0  ringbuffer.o ABSOLUTE
    ..\\Gizwits\\gizwits_product.c           0x00000000   Number         0  gizwits_product.o ABSOLUTE
    ..\\Gizwits\\gizwits_protocol.c          0x00000000   Number         0  gizwits_protocol.o ABSOLUTE
    ..\\Hal\\hal_key.c                       0x00000000   Number         0  hal_key.o ABSOLUTE
    ..\\Hal\\user_flash.c                    0x00000000   Number         0  user_flash.o ABSOLUTE
    cdrcmple.s                               0x00000000   Number         0  cdrcmple.o ABSOLUTE
    cfcmple.s                                0x00000000   Number         0  cfcmple.o ABSOLUTE
    dc.s                                     0x00000000   Number         0  dc.o ABSOLUTE
    handlers.s                               0x00000000   Number         0  handlers.o ABSOLUTE
    init.s                                   0x00000000   Number         0  init.o ABSOLUTE
    startup_stm32f103xb.s                    0x00000000   Number         0  startup_stm32f103xb.o ABSOLUTE
    RESET                                    0x08000000   Section      236  startup_stm32f103xb.o(RESET)
    .ARM.Collect$$$$00000000                 0x080000ec   Section        0  entry.o(.ARM.Collect$$$$00000000)
    .ARM.Collect$$$$00000001                 0x080000ec   Section        4  entry2.o(.ARM.Collect$$$$00000001)
    .ARM.Collect$$$$00000004                 0x080000f0   Section        4  entry5.o(.ARM.Collect$$$$00000004)
    .ARM.Collect$$$$00000008                 0x080000f4   Section        0  entry7b.o(.ARM.Collect$$$$00000008)
    .ARM.Collect$$$$0000000A                 0x080000f4   Section        0  entry8b.o(.ARM.Collect$$$$0000000A)
    .ARM.Collect$$$$0000000B                 0x080000f4   Section        8  entry9a.o(.ARM.Collect$$$$0000000B)
    .ARM.Collect$$$$0000000D                 0x080000fc   Section        0  entry10a.o(.ARM.Collect$$$$0000000D)
    .ARM.Collect$$$$0000000F                 0x080000fc   Section        0  entry11a.o(.ARM.Collect$$$$0000000F)
    .ARM.Collect$$$$00002712                 0x080000fc   Section        4  entry2.o(.ARM.Collect$$$$00002712)
    __lit__00000000                          0x080000fc   Data           4  entry2.o(.ARM.Collect$$$$00002712)
    .text                                    0x08000100   Section       36  startup_stm32f103xb.o(.text)
    .text                                    0x08000124   Section        0  llushr.o(.text)
    .text                                    0x08000144   Section        0  memcpya.o(.text)
    .text                                    0x08000168   Section        0  memseta.o(.text)
    .text                                    0x0800018c   Section        0  fadd.o(.text)
    .text                                    0x0800023c   Section        0  fdiv.o(.text)
    .text                                    0x080002b8   Section        0  ffixui.o(.text)
    .text                                    0x080002e0   Section       20  cfcmple.o(.text)
    .text                                    0x080002f4   Section        0  uldiv.o(.text)
    .text                                    0x08000356   Section        0  iusefp.o(.text)
    .text                                    0x08000356   Section        0  fepilogue.o(.text)
    .text                                    0x080003c4   Section       36  init.o(.text)
    .text                                    0x080003e8   Section        0  llshl.o(.text)
    i.BusFault_Handler                       0x08000406   Section        0  stm32f1xx_it.o(i.BusFault_Handler)
    i.DebugMon_Handler                       0x08000408   Section        0  stm32f1xx_it.o(i.DebugMon_Handler)
    i.FLASH_MassErase                        0x0800040c   Section        0  stm32f1xx_hal_flash_ex.o(i.FLASH_MassErase)
    FLASH_MassErase                          0x0800040d   Thumb Code    26  stm32f1xx_hal_flash_ex.o(i.FLASH_MassErase)
    i.FLASH_PageErase                        0x08000430   Section        0  stm32f1xx_hal_flash_ex.o(i.FLASH_PageErase)
    i.FLASH_Program_HalfWord                 0x08000454   Section        0  stm32f1xx_hal_flash.o(i.FLASH_Program_HalfWord)
    FLASH_Program_HalfWord                   0x08000455   Thumb Code    20  stm32f1xx_hal_flash.o(i.FLASH_Program_HalfWord)
    i.FLASH_SetErrorCode                     0x08000470   Section        0  stm32f1xx_hal_flash.o(i.FLASH_SetErrorCode)
    FLASH_SetErrorCode                       0x08000471   Thumb Code    84  stm32f1xx_hal_flash.o(i.FLASH_SetErrorCode)
    i.FLASH_WaitForLastOperation             0x080004cc   Section        0  stm32f1xx_hal_flash.o(i.FLASH_WaitForLastOperation)
    i.HAL_DMA_Abort_IT                       0x08000520   Section        0  stm32f1xx_hal_dma.o(i.HAL_DMA_Abort_IT)
    i.HAL_FLASHEx_Erase                      0x080005b8   Section        0  stm32f1xx_hal_flash_ex.o(i.HAL_FLASHEx_Erase)
    i.HAL_FLASH_Lock                         0x08000660   Section        0  stm32f1xx_hal_flash.o(i.HAL_FLASH_Lock)
    i.HAL_FLASH_Program                      0x08000674   Section        0  stm32f1xx_hal_flash.o(i.HAL_FLASH_Program)
    i.HAL_FLASH_Unlock                       0x080006f4   Section        0  stm32f1xx_hal_flash.o(i.HAL_FLASH_Unlock)
    i.HAL_GPIO_Init                          0x08000718   Section        0  stm32f1xx_hal_gpio.o(i.HAL_GPIO_Init)
    i.HAL_GPIO_ReadPin                       0x080008d4   Section        0  stm32f1xx_hal_gpio.o(i.HAL_GPIO_ReadPin)
    i.HAL_GetTick                            0x080008e0   Section        0  stm32f1xx_hal.o(i.HAL_GetTick)
    i.HAL_IncTick                            0x080008ec   Section        0  stm32f1xx_hal.o(i.HAL_IncTick)
    i.HAL_Init                               0x080008fc   Section        0  stm32f1xx_hal.o(i.HAL_Init)
    i.HAL_InitTick                           0x08000920   Section        0  stm32f1xx_hal.o(i.HAL_InitTick)
    i.HAL_MspInit                            0x08000948   Section        0  stm32f1xx_hal_msp.o(i.HAL_MspInit)
    i.HAL_NVIC_EnableIRQ                     0x080009dc   Section        0  stm32f1xx_hal_cortex.o(i.HAL_NVIC_EnableIRQ)
    i.HAL_NVIC_SetPriority                   0x080009f4   Section        0  stm32f1xx_hal_cortex.o(i.HAL_NVIC_SetPriority)
    i.HAL_NVIC_SetPriorityGrouping           0x08000a34   Section        0  stm32f1xx_hal_cortex.o(i.HAL_NVIC_SetPriorityGrouping)
    i.HAL_NVIC_SystemReset                   0x08000a58   Section        0  stm32f1xx_hal_cortex.o(i.HAL_NVIC_SystemReset)
    i.HAL_RCC_ClockConfig                    0x08000a7c   Section        0  stm32f1xx_hal_rcc.o(i.HAL_RCC_ClockConfig)
    i.HAL_RCC_GetHCLKFreq                    0x08000bd0   Section        0  stm32f1xx_hal_rcc.o(i.HAL_RCC_GetHCLKFreq)
    i.HAL_RCC_GetPCLK1Freq                   0x08000bdc   Section        0  stm32f1xx_hal_rcc.o(i.HAL_RCC_GetPCLK1Freq)
    i.HAL_RCC_GetPCLK2Freq                   0x08000bfc   Section        0  stm32f1xx_hal_rcc.o(i.HAL_RCC_GetPCLK2Freq)
    i.HAL_RCC_GetSysClockFreq                0x08000c1c   Section        0  stm32f1xx_hal_rcc.o(i.HAL_RCC_GetSysClockFreq)
    i.HAL_RCC_OscConfig                      0x08000c88   Section        0  stm32f1xx_hal_rcc.o(i.HAL_RCC_OscConfig)
    i.HAL_SYSTICK_CLKSourceConfig            0x08000f8c   Section        0  stm32f1xx_hal_cortex.o(i.HAL_SYSTICK_CLKSourceConfig)
    i.HAL_SYSTICK_Callback                   0x08000fa4   Section        0  stm32f1xx_hal_cortex.o(i.HAL_SYSTICK_Callback)
    i.HAL_SYSTICK_Config                     0x08000fa6   Section        0  stm32f1xx_hal_cortex.o(i.HAL_SYSTICK_Config)
    i.HAL_SYSTICK_IRQHandler                 0x08000fce   Section        0  stm32f1xx_hal_cortex.o(i.HAL_SYSTICK_IRQHandler)
    i.HAL_TIMEx_BreakCallback                0x08000fd6   Section        0  stm32f1xx_hal_tim_ex.o(i.HAL_TIMEx_BreakCallback)
    i.HAL_TIMEx_CommutationCallback          0x08000fd8   Section        0  stm32f1xx_hal_tim_ex.o(i.HAL_TIMEx_CommutationCallback)
    i.HAL_TIMEx_MasterConfigSynchronization  0x08000fda   Section        0  stm32f1xx_hal_tim_ex.o(i.HAL_TIMEx_MasterConfigSynchronization)
    i.HAL_TIM_Base_Init                      0x0800102a   Section        0  stm32f1xx_hal_tim.o(i.HAL_TIM_Base_Init)
    i.HAL_TIM_Base_MspInit                   0x08001060   Section        0  stm32f1xx_hal_msp.o(i.HAL_TIM_Base_MspInit)
    i.HAL_TIM_Base_Start_IT                  0x08001084   Section        0  stm32f1xx_hal_tim.o(i.HAL_TIM_Base_Start_IT)
    i.HAL_TIM_ConfigClockSource              0x0800109c   Section        0  stm32f1xx_hal_tim.o(i.HAL_TIM_ConfigClockSource)
    i.HAL_TIM_IC_CaptureCallback             0x0800118e   Section        0  stm32f1xx_hal_tim.o(i.HAL_TIM_IC_CaptureCallback)
    i.HAL_TIM_IRQHandler                     0x08001190   Section        0  stm32f1xx_hal_tim.o(i.HAL_TIM_IRQHandler)
    i.HAL_TIM_OC_DelayElapsedCallback        0x080012f6   Section        0  stm32f1xx_hal_tim.o(i.HAL_TIM_OC_DelayElapsedCallback)
    i.HAL_TIM_PWM_PulseFinishedCallback      0x080012f8   Section        0  stm32f1xx_hal_tim.o(i.HAL_TIM_PWM_PulseFinishedCallback)
    i.HAL_TIM_PeriodElapsedCallback          0x080012fc   Section        0  gizwits_product.o(i.HAL_TIM_PeriodElapsedCallback)
    i.HAL_TIM_TriggerCallback                0x0800131c   Section        0  stm32f1xx_hal_tim.o(i.HAL_TIM_TriggerCallback)
    i.HAL_UART_ErrorCallback                 0x0800131e   Section        0  stm32f1xx_hal_uart.o(i.HAL_UART_ErrorCallback)
    i.HAL_UART_IRQHandler                    0x08001320   Section        0  stm32f1xx_hal_uart.o(i.HAL_UART_IRQHandler)
    i.HAL_UART_Init                          0x08001430   Section        0  stm32f1xx_hal_uart.o(i.HAL_UART_Init)
    i.HAL_UART_MspInit                       0x08001494   Section        0  stm32f1xx_hal_msp.o(i.HAL_UART_MspInit)
    i.HAL_UART_Receive_IT                    0x0800156c   Section        0  stm32f1xx_hal_uart.o(i.HAL_UART_Receive_IT)
    i.HAL_UART_RxCpltCallback                0x080015c0   Section        0  gizwits_product.o(i.HAL_UART_RxCpltCallback)
    i.HAL_UART_Transmit                      0x08001618   Section        0  stm32f1xx_hal_uart.o(i.HAL_UART_Transmit)
    i.HAL_UART_Transmit_IT                   0x080016d2   Section        0  stm32f1xx_hal_uart.o(i.HAL_UART_Transmit_IT)
    i.HAL_UART_TxCpltCallback                0x08001710   Section        0  stm32f1xx_hal_uart.o(i.HAL_UART_TxCpltCallback)
    i.HardFault_Handler                      0x08001712   Section        0  stm32f1xx_it.o(i.HardFault_Handler)
    i.MX_TIM2_Init                           0x08001714   Section        0  main.o(i.MX_TIM2_Init)
    MX_TIM2_Init                             0x08001715   Thumb Code    78  main.o(i.MX_TIM2_Init)
    i.MemManage_Handler                      0x08001768   Section        0  stm32f1xx_it.o(i.MemManage_Handler)
    i.NMI_Handler                            0x0800176a   Section        0  stm32f1xx_it.o(i.NMI_Handler)
    i.NVIC_SetPriority                       0x0800176c   Section        0  stm32f1xx_hal_cortex.o(i.NVIC_SetPriority)
    NVIC_SetPriority                         0x0800176d   Thumb Code    32  stm32f1xx_hal_cortex.o(i.NVIC_SetPriority)
    i.PendSV_Handler                         0x0800178c   Section        0  stm32f1xx_it.o(i.PendSV_Handler)
    i.SVC_Handler                            0x0800178e   Section        0  stm32f1xx_it.o(i.SVC_Handler)
    i.SysTick_Handler                        0x08001790   Section        0  stm32f1xx_it.o(i.SysTick_Handler)
    i.SystemClock_Config                     0x0800179e   Section        0  main.o(i.SystemClock_Config)
    i.SystemInit                             0x08001808   Section        0  system_stm32f1xx.o(i.SystemInit)
    i.TIM2_IRQHandler                        0x08001850   Section        0  stm32f1xx_it.o(i.TIM2_IRQHandler)
    i.TIM_Base_SetConfig                     0x0800185c   Section        0  stm32f1xx_hal_tim.o(i.TIM_Base_SetConfig)
    i.TIM_ETR_SetConfig                      0x080018c8   Section        0  stm32f1xx_hal_tim.o(i.TIM_ETR_SetConfig)
    TIM_ETR_SetConfig                        0x080018c9   Thumb Code    20  stm32f1xx_hal_tim.o(i.TIM_ETR_SetConfig)
    i.TIM_ITRx_SetConfig                     0x080018dc   Section        0  stm32f1xx_hal_tim.o(i.TIM_ITRx_SetConfig)
    TIM_ITRx_SetConfig                       0x080018dd   Thumb Code    16  stm32f1xx_hal_tim.o(i.TIM_ITRx_SetConfig)
    i.TIM_TI1_ConfigInputStage               0x080018ec   Section        0  stm32f1xx_hal_tim.o(i.TIM_TI1_ConfigInputStage)
    TIM_TI1_ConfigInputStage                 0x080018ed   Thumb Code    34  stm32f1xx_hal_tim.o(i.TIM_TI1_ConfigInputStage)
    i.TIM_TI2_ConfigInputStage               0x0800190e   Section        0  stm32f1xx_hal_tim.o(i.TIM_TI2_ConfigInputStage)
    TIM_TI2_ConfigInputStage                 0x0800190f   Thumb Code    36  stm32f1xx_hal_tim.o(i.TIM_TI2_ConfigInputStage)
    i.UART_DMAAbortOnError                   0x08001932   Section        0  stm32f1xx_hal_uart.o(i.UART_DMAAbortOnError)
    UART_DMAAbortOnError                     0x08001933   Thumb Code    16  stm32f1xx_hal_uart.o(i.UART_DMAAbortOnError)
    i.UART_EndRxTransfer                     0x08001942   Section        0  stm32f1xx_hal_uart.o(i.UART_EndRxTransfer)
    UART_EndRxTransfer                       0x08001943   Thumb Code    28  stm32f1xx_hal_uart.o(i.UART_EndRxTransfer)
    i.UART_Receive_IT                        0x0800195e   Section        0  stm32f1xx_hal_uart.o(i.UART_Receive_IT)
    UART_Receive_IT                          0x0800195f   Thumb Code   150  stm32f1xx_hal_uart.o(i.UART_Receive_IT)
    i.UART_SetConfig                         0x080019f4   Section        0  stm32f1xx_hal_uart.o(i.UART_SetConfig)
    UART_SetConfig                           0x080019f5   Thumb Code   364  stm32f1xx_hal_uart.o(i.UART_SetConfig)
    i.UART_Transmit_IT                       0x08001b64   Section        0  stm32f1xx_hal_uart.o(i.UART_Transmit_IT)
    UART_Transmit_IT                         0x08001b65   Thumb Code    98  stm32f1xx_hal_uart.o(i.UART_Transmit_IT)
    i.UART_WaitOnFlagUntilTimeout            0x08001bc6   Section        0  stm32f1xx_hal_uart.o(i.UART_WaitOnFlagUntilTimeout)
    UART_WaitOnFlagUntilTimeout              0x08001bc7   Thumb Code   100  stm32f1xx_hal_uart.o(i.UART_WaitOnFlagUntilTimeout)
    i.USART2_IRQHandler                      0x08001c2c   Section        0  stm32f1xx_it.o(i.USART2_IRQHandler)
    i.USART3_IRQHandler                      0x08001c38   Section        0  stm32f1xx_it.o(i.USART3_IRQHandler)
    i.UsageFault_Handler                     0x08001c44   Section        0  stm32f1xx_it.o(i.UsageFault_Handler)
    i.__0printf$8                            0x08001c48   Section        0  printf8.o(i.__0printf$8)
    i.__scatterload_copy                     0x08001c68   Section       14  handlers.o(i.__scatterload_copy)
    i.__scatterload_null                     0x08001c76   Section        2  handlers.o(i.__scatterload_null)
    i.__scatterload_zeroinit                 0x08001c78   Section       14  handlers.o(i.__scatterload_zeroinit)
    i._printf_core                           0x08001c88   Section        0  printf8.o(i._printf_core)
    _printf_core                             0x08001c89   Thumb Code   996  printf8.o(i._printf_core)
    i._printf_post_padding                   0x08002098   Section        0  printf8.o(i._printf_post_padding)
    _printf_post_padding                     0x08002099   Thumb Code    36  printf8.o(i._printf_post_padding)
    i._printf_pre_padding                    0x080020bc   Section        0  printf8.o(i._printf_pre_padding)
    _printf_pre_padding                      0x080020bd   Thumb Code    46  printf8.o(i._printf_pre_padding)
    i.calculateDynamicBitPartLen             0x080020ea   Section        0  gizwits_protocol.o(i.calculateDynamicBitPartLen)
    i.exchangeBytes                          0x080020f8   Section        0  common.o(i.exchangeBytes)
    i.exchangeWord                           0x08002108   Section        0  common.o(i.exchangeWord)
    i.fputc                                  0x0800210c   Section        0  gizwits_product.o(i.fputc)
    i.free                                   0x08002124   Section        0  malloc.o(i.free)
    i.getKey                                 0x08002174   Section        0  hal_key.o(i.getKey)
    i.gizAcrossByteJudge                     0x080021cc   Section        0  datapointtools.o(i.gizAcrossByteJudge)
    i.gizByteOrderExchange                   0x080021ea   Section        0  datapointtools.o(i.gizByteOrderExchange)
    i.gizCheckReport                         0x08002210   Section        0  gizwits_protocol.o(i.gizCheckReport)
    gizCheckReport                           0x08002211   Thumb Code   604  gizwits_protocol.o(i.gizCheckReport)
    i.gizDataPoint2Event                     0x080025ec   Section        0  gizwits_protocol.o(i.gizDataPoint2Event)
    gizDataPoint2Event                       0x080025ed   Thumb Code   220  gizwits_protocol.o(i.gizDataPoint2Event)
    i.gizDataPoints2ReportData               0x08002710   Section        0  gizwits_protocol.o(i.gizDataPoints2ReportData)
    gizDataPoints2ReportData                 0x08002711   Thumb Code   590  gizwits_protocol.o(i.gizDataPoints2ReportData)
    i.gizDevReportPolicy                     0x08002a54   Section        0  gizwits_protocol.o(i.gizDevReportPolicy)
    gizDevReportPolicy                       0x08002a55   Thumb Code   164  gizwits_protocol.o(i.gizDevReportPolicy)
    i.gizGetTimerCount                       0x08002b38   Section        0  gizwits_product.o(i.gizGetTimerCount)
    i.gizGpsPacket                           0x08002b44   Section        0  gizwits_protocol.o(i.gizGpsPacket)
    gizGpsPacket                             0x08002b45   Thumb Code    68  gizwits_protocol.o(i.gizGpsPacket)
    i.gizGpsPutData                          0x08002bbc   Section        0  gizwits_protocol.o(i.gizGpsPutData)
    i.gizProtocolAckHandle                   0x08002c28   Section        0  gizwits_protocol.o(i.gizProtocolAckHandle)
    gizProtocolAckHandle                     0x08002c29   Thumb Code    80  gizwits_protocol.o(i.gizProtocolAckHandle)
    i.gizProtocolCommonAck                   0x08002ca4   Section        0  gizwits_protocol.o(i.gizProtocolCommonAck)
    gizProtocolCommonAck                     0x08002ca5   Thumb Code    80  gizwits_protocol.o(i.gizProtocolCommonAck)
    i.gizProtocolErrorCmd                    0x08002d3c   Section        0  gizwits_protocol.o(i.gizProtocolErrorCmd)
    gizProtocolErrorCmd                      0x08002d3d   Thumb Code    88  gizwits_protocol.o(i.gizProtocolErrorCmd)
    i.gizProtocolGetDeviceInfo               0x08002ddc   Section        0  gizwits_protocol.o(i.gizProtocolGetDeviceInfo)
    gizProtocolGetDeviceInfo                 0x08002ddd   Thumb Code   180  gizwits_protocol.o(i.gizProtocolGetDeviceInfo)
    i.gizProtocolGetOnePacket                0x08002f54   Section        0  gizwits_protocol.o(i.gizProtocolGetOnePacket)
    gizProtocolGetOnePacket                  0x08002f55   Thumb Code   298  gizwits_protocol.o(i.gizProtocolGetOnePacket)
    i.gizProtocolHeadInit                    0x080030b4   Section        0  gizwits_protocol.o(i.gizProtocolHeadInit)
    gizProtocolHeadInit                      0x080030b5   Thumb Code    32  gizwits_protocol.o(i.gizProtocolHeadInit)
    i.gizProtocolIssuedDataAck               0x08003100   Section        0  gizwits_protocol.o(i.gizProtocolIssuedDataAck)
    gizProtocolIssuedDataAck                 0x08003101   Thumb Code   198  gizwits_protocol.o(i.gizProtocolIssuedDataAck)
    i.gizProtocolIssuedProcess               0x08003220   Section        0  gizwits_protocol.o(i.gizProtocolIssuedProcess)
    gizProtocolIssuedProcess                 0x08003221   Thumb Code   230  gizwits_protocol.o(i.gizProtocolIssuedProcess)
    i.gizProtocolModuleStatus                0x08003384   Section        0  gizwits_protocol.o(i.gizProtocolModuleStatus)
    gizProtocolModuleStatus                  0x08003385   Thumb Code   574  gizwits_protocol.o(i.gizProtocolModuleStatus)
    i.gizProtocolNTP                         0x08003798   Section        0  gizwits_protocol.o(i.gizProtocolNTP)
    gizProtocolNTP                           0x08003799   Thumb Code    90  gizwits_protocol.o(i.gizProtocolNTP)
    i.gizProtocolResendData                  0x08003810   Section        0  gizwits_protocol.o(i.gizProtocolResendData)
    gizProtocolResendData                    0x08003811   Thumb Code    54  gizwits_protocol.o(i.gizProtocolResendData)
    i.gizProtocolSum                         0x08003884   Section        0  common.o(i.gizProtocolSum)
    i.gizProtocolWaitAck                     0x080038a8   Section        0  gizwits_protocol.o(i.gizProtocolWaitAck)
    gizProtocolWaitAck                       0x080038a9   Thumb Code    66  gizwits_protocol.o(i.gizProtocolWaitAck)
    i.gizProtocolWaitAckCheck                0x08003908   Section        0  gizwits_protocol.o(i.gizProtocolWaitAckCheck)
    gizProtocolWaitAckCheck                  0x08003909   Thumb Code    42  gizwits_protocol.o(i.gizProtocolWaitAckCheck)
    i.gizPutData                             0x08003950   Section        0  gizwits_protocol.o(i.gizPutData)
    i.gizReportData                          0x080039b8   Section        0  gizwits_protocol.o(i.gizReportData)
    gizReportData                            0x080039b9   Thumb Code   142  gizwits_protocol.o(i.gizReportData)
    i.gizTimerMs                             0x08003a90   Section        0  gizwits_product.o(i.gizTimerMs)
    i.gizVarlenCompressValue                 0x08003aa0   Section        0  datapointtools.o(i.gizVarlenCompressValue)
    i.gizVarlenDecompressionValue            0x08003aec   Section        0  datapointtools.o(i.gizVarlenDecompressionValue)
    i.gizX2Y                                 0x08003b74   Section        0  datapointtools.o(i.gizX2Y)
    i.gizY2X                                 0x08003b7a   Section        0  datapointtools.o(i.gizY2X)
    i.gizY2XFloat                            0x08003b82   Section        0  datapointtools.o(i.gizY2XFloat)
    i.gizwitsEventProcess                    0x08003b9c   Section        0  gizwits_product.o(i.gizwitsEventProcess)
    i.gizwitsHandle                          0x08003d10   Section        0  gizwits_protocol.o(i.gizwitsHandle)
    i.gizwitsInit                            0x08004088   Section        0  gizwits_protocol.o(i.gizwitsInit)
    i.keyHandle                              0x08004138   Section        0  hal_key.o(i.keyHandle)
    i.keyInit                                0x080041b8   Section        0  main.o(i.keyInit)
    i.keyParaInit                            0x080041d0   Section        0  hal_key.o(i.keyParaInit)
    i.main                                   0x080041e8   Section        0  main.o(i.main)
    i.mcuRestart                             0x08004318   Section        0  gizwits_product.o(i.mcuRestart)
    i.printFlashTest                         0x08004324   Section        0  user_flash.o(i.printFlashTest)
    i.rbCanRead                              0x0800434c   Section        0  ringbuffer.o(i.rbCanRead)
    i.rbCanWrite                             0x0800437e   Section        0  ringbuffer.o(i.rbCanWrite)
    i.rbCapacity                             0x0800439a   Section        0  ringbuffer.o(i.rbCapacity)
    i.rbCreate                               0x080043a6   Section        0  ringbuffer.o(i.rbCreate)
    i.rbRead                                 0x080043b8   Section        0  ringbuffer.o(i.rbRead)
    i.rbWrite                                0x08004436   Section        0  ringbuffer.o(i.rbWrite)
    i.readKeyValue                           0x080044c4   Section        0  hal_key.o(i.readKeyValue)
    i.timerInit                              0x0800454c   Section        0  gizwits_product.o(i.timerInit)
    i.uartInit                               0x08004558   Section        0  gizwits_product.o(i.uartInit)
    i.uartWrite                              0x08004580   Section        0  gizwits_product.o(i.uartWrite)
    i.userHandle                             0x08004638   Section        0  gizwits_product.o(i.userHandle)
    i.userInit                               0x0800463c   Section        0  gizwits_product.o(i.userInit)
    i.writeFlashTest                         0x08004648   Section        0  user_flash.o(i.writeFlashTest)
    .constdata                               0x08004680   Section       16  system_stm32f1xx.o(.constdata)
    .constdata                               0x08004690   Section        8  system_stm32f1xx.o(.constdata)
    .conststring                             0x08004698   Section       71  main.o(.conststring)
    .data                                    0x20000000   Section        5  main.o(.data)
    .data                                    0x20000008   Section        8  gizwits_product.o(.data)
    timerMsCount                             0x2000000c   Data           4  gizwits_product.o(.data)
    .data                                    0x20000010   Section       16  gizwits_protocol.o(.data)
    protocolFlag                             0x20000010   Data           1  gizwits_protocol.o(.data)
    lastData                                 0x20000011   Data           1  gizwits_protocol.o(.data)
    debugCount                               0x20000012   Data           1  gizwits_protocol.o(.data)
    protocolCount                            0x20000014   Data           2  gizwits_protocol.o(.data)
    lastStatus                               0x20000016   Data           2  gizwits_protocol.o(.data)
    lastReportTime                           0x20000018   Data           4  gizwits_protocol.o(.data)
    lastRepTime                              0x2000001c   Data           4  gizwits_protocol.o(.data)
    .data                                    0x20000020   Section       10  hal_key.o(.data)
    keyTotolNum                              0x20000020   Data           1  hal_key.o(.data)
    keyCheck                                 0x20000021   Data           1  hal_key.o(.data)
    keyState                                 0x20000022   Data           1  hal_key.o(.data)
    key_total                                0x20000023   Data           1  hal_key.o(.data)
    keyLongCheck                             0x20000026   Data           2  hal_key.o(.data)
    keyPrev                                  0x20000028   Data           2  hal_key.o(.data)
    .data                                    0x2000002c   Section        8  user_flash.o(.data)
    .data                                    0x20000034   Section        4  stm32f1xx_hal.o(.data)
    .data                                    0x20000038   Section        4  system_stm32f1xx.o(.data)
    .data                                    0x2000003c   Section        4  stdout.o(.data)
    .data                                    0x20000040   Section        4  mvars.o(.data)
    .bss                                     0x20000044   Section      298  main.o(.bss)
    .bss                                     0x2000016e   Section       53  gizwits_product.o(.bss)
    .bss                                     0x200001a3   Section      707  gizwits_protocol.o(.bss)
    rbBuf                                    0x2000039e   Data         100  gizwits_protocol.o(.bss)
    gpsBuf                                   0x20000402   Data         100  gizwits_protocol.o(.bss)
    .bss                                     0x20000468   Section       32  stm32f1xx_hal_flash.o(.bss)
    STACK                                    0x20000488   Section     8192  startup_stm32f103xb.o(STACK)

    Global Symbols

    Symbol Name                              Value     Ov Type        Size  Object(Section)

    BuildAttributes$$THM_ISAv4$P$D$K$B$S$PE$A:L22UL41UL21$X:L11$S22US41US21$IEEE1$IW$USESV6$~STKCKD$USESV7$~SHL$OTIME$ROPI$EBA8$MICROLIB$REQ8$PRES8$EABIv2 0x00000000   Number         0  anon$$obj.o ABSOLUTE
    __ARM_use_no_argv                        0x00000000   Number         0  main.o ABSOLUTE
    _printf_a                                0x00000000   Number         0  stubs.o ABSOLUTE
    _printf_c                                0x00000000   Number         0  stubs.o ABSOLUTE
    _printf_charcount                        0x00000000   Number         0  stubs.o ABSOLUTE
    _printf_d                                0x00000000   Number         0  stubs.o ABSOLUTE
    _printf_e                                0x00000000   Number         0  stubs.o ABSOLUTE
    _printf_f                                0x00000000   Number         0  stubs.o ABSOLUTE
    _printf_flags                            0x00000000   Number         0  stubs.o ABSOLUTE
    _printf_fp_dec                           0x00000000   Number         0  stubs.o ABSOLUTE
    _printf_fp_hex                           0x00000000   Number         0  stubs.o ABSOLUTE
    _printf_g                                0x00000000   Number         0  stubs.o ABSOLUTE
    _printf_i                                0x00000000   Number         0  stubs.o ABSOLUTE
    _printf_int_dec                          0x00000000   Number         0  stubs.o ABSOLUTE
    _printf_l                                0x00000000   Number         0  stubs.o ABSOLUTE
    _printf_lc                               0x00000000   Number         0  stubs.o ABSOLUTE
    _printf_ll                               0x00000000   Number         0  stubs.o ABSOLUTE
    _printf_lld                              0x00000000   Number         0  stubs.o ABSOLUTE
    _printf_lli                              0x00000000   Number         0  stubs.o ABSOLUTE
    _printf_llo                              0x00000000   Number         0  stubs.o ABSOLUTE
    _printf_llu                              0x00000000   Number         0  stubs.o ABSOLUTE
    _printf_llx                              0x00000000   Number         0  stubs.o ABSOLUTE
    _printf_longlong_dec                     0x00000000   Number         0  stubs.o ABSOLUTE
    _printf_longlong_hex                     0x00000000   Number         0  stubs.o ABSOLUTE
    _printf_longlong_oct                     0x00000000   Number         0  stubs.o ABSOLUTE
    _printf_ls                               0x00000000   Number         0  stubs.o ABSOLUTE
    _printf_mbtowc                           0x00000000   Number         0  stubs.o ABSOLUTE
    _printf_n                                0x00000000   Number         0  stubs.o ABSOLUTE
    _printf_o                                0x00000000   Number         0  stubs.o ABSOLUTE
    _printf_p                                0x00000000   Number         0  stubs.o ABSOLUTE
    _printf_percent                          0x00000000   Number         0  stubs.o ABSOLUTE
    _printf_pre_padding                      0x00000000   Number         0  stubs.o ABSOLUTE
    _printf_return_value                     0x00000000   Number         0  stubs.o ABSOLUTE
    _printf_s                                0x00000000   Number         0  stubs.o ABSOLUTE
    _printf_sizespec                         0x00000000   Number         0  stubs.o ABSOLUTE
    _printf_str                              0x00000000   Number         0  stubs.o ABSOLUTE
    _printf_truncate_signed                  0x00000000   Number         0  stubs.o ABSOLUTE
    _printf_truncate_unsigned                0x00000000   Number         0  stubs.o ABSOLUTE
    _printf_u                                0x00000000   Number         0  stubs.o ABSOLUTE
    _printf_wc                               0x00000000   Number         0  stubs.o ABSOLUTE
    _printf_wctomb                           0x00000000   Number         0  stubs.o ABSOLUTE
    _printf_widthprec                        0x00000000   Number         0  stubs.o ABSOLUTE
    _printf_x                                0x00000000   Number         0  stubs.o ABSOLUTE
    __cpp_initialize__aeabi_                  - Undefined Weak Reference
    __cxa_finalize                            - Undefined Weak Reference
    __decompress                              - Undefined Weak Reference
    _clock_init                               - Undefined Weak Reference
    _microlib_exit                            - Undefined Weak Reference
    __Vectors_Size                           0x000000ec   Number         0  startup_stm32f103xb.o ABSOLUTE
    __Vectors                                0x08000000   Data           4  startup_stm32f103xb.o(RESET)
    __Vectors_End                            0x080000ec   Data           0  startup_stm32f103xb.o(RESET)
    __main                                   0x080000ed   Thumb Code     0  entry.o(.ARM.Collect$$$$00000000)
    _main_stk                                0x080000ed   Thumb Code     0  entry2.o(.ARM.Collect$$$$00000001)
    _main_scatterload                        0x080000f1   Thumb Code     0  entry5.o(.ARM.Collect$$$$00000004)
    __main_after_scatterload                 0x080000f5   Thumb Code     0  entry5.o(.ARM.Collect$$$$00000004)
    _main_clock                              0x080000f5   Thumb Code     0  entry7b.o(.ARM.Collect$$$$00000008)
    _main_cpp_init                           0x080000f5   Thumb Code     0  entry8b.o(.ARM.Collect$$$$0000000A)
    _main_init                               0x080000f5   Thumb Code     0  entry9a.o(.ARM.Collect$$$$0000000B)
    __rt_final_cpp                           0x080000fd   Thumb Code     0  entry10a.o(.ARM.Collect$$$$0000000D)
    __rt_final_exit                          0x080000fd   Thumb Code     0  entry11a.o(.ARM.Collect$$$$0000000F)
    Reset_Handler                            0x08000101   Thumb Code     8  startup_stm32f103xb.o(.text)
    ADC1_2_IRQHandler                        0x0800011b   Thumb Code     0  startup_stm32f103xb.o(.text)
    CAN1_RX1_IRQHandler                      0x0800011b   Thumb Code     0  startup_stm32f103xb.o(.text)
    CAN1_SCE_IRQHandler                      0x0800011b   Thumb Code     0  startup_stm32f103xb.o(.text)
    DMA1_Channel1_IRQHandler                 0x0800011b   Thumb Code     0  startup_stm32f103xb.o(.text)
    DMA1_Channel2_IRQHandler                 0x0800011b   Thumb Code     0  startup_stm32f103xb.o(.text)
    DMA1_Channel3_IRQHandler                 0x0800011b   Thumb Code     0  startup_stm32f103xb.o(.text)
    DMA1_Channel4_IRQHandler                 0x0800011b   Thumb Code     0  startup_stm32f103xb.o(.text)
    DMA1_Channel5_IRQHandler                 0x0800011b   Thumb Code     0  startup_stm32f103xb.o(.text)
    DMA1_Channel6_IRQHandler                 0x0800011b   Thumb Code     0  startup_stm32f103xb.o(.text)
    DMA1_Channel7_IRQHandler                 0x0800011b   Thumb Code     0  startup_stm32f103xb.o(.text)
    EXTI0_IRQHandler                         0x0800011b   Thumb Code     0  startup_stm32f103xb.o(.text)
    EXTI15_10_IRQHandler                     0x0800011b   Thumb Code     0  startup_stm32f103xb.o(.text)
    EXTI1_IRQHandler                         0x0800011b   Thumb Code     0  startup_stm32f103xb.o(.text)
    EXTI2_IRQHandler                         0x0800011b   Thumb Code     0  startup_stm32f103xb.o(.text)
    EXTI3_IRQHandler                         0x0800011b   Thumb Code     0  startup_stm32f103xb.o(.text)
    EXTI4_IRQHandler                         0x0800011b   Thumb Code     0  startup_stm32f103xb.o(.text)
    EXTI9_5_IRQHandler                       0x0800011b   Thumb Code     0  startup_stm32f103xb.o(.text)
    FLASH_IRQHandler                         0x0800011b   Thumb Code     0  startup_stm32f103xb.o(.text)
    I2C1_ER_IRQHandler                       0x0800011b   Thumb Code     0  startup_stm32f103xb.o(.text)
    I2C1_EV_IRQHandler                       0x0800011b   Thumb Code     0  startup_stm32f103xb.o(.text)
    I2C2_ER_IRQHandler                       0x0800011b   Thumb Code     0  startup_stm32f103xb.o(.text)
    I2C2_EV_IRQHandler                       0x0800011b   Thumb Code     0  startup_stm32f103xb.o(.text)
    PVD_IRQHandler                           0x0800011b   Thumb Code     0  startup_stm32f103xb.o(.text)
    RCC_IRQHandler                           0x0800011b   Thumb Code     0  startup_stm32f103xb.o(.text)
    RTC_Alarm_IRQHandler                     0x0800011b   Thumb Code     0  startup_stm32f103xb.o(.text)
    RTC_IRQHandler                           0x0800011b   Thumb Code     0  startup_stm32f103xb.o(.text)
    SPI1_IRQHandler                          0x0800011b   Thumb Code     0  startup_stm32f103xb.o(.text)
    SPI2_IRQHandler                          0x0800011b   Thumb Code     0  startup_stm32f103xb.o(.text)
    TAMPER_IRQHandler                        0x0800011b   Thumb Code     0  startup_stm32f103xb.o(.text)
    TIM1_BRK_IRQHandler                      0x0800011b   Thumb Code     0  startup_stm32f103xb.o(.text)
    TIM1_CC_IRQHandler                       0x0800011b   Thumb Code     0  startup_stm32f103xb.o(.text)
    TIM1_TRG_COM_IRQHandler                  0x0800011b   Thumb Code     0  startup_stm32f103xb.o(.text)
    TIM1_UP_IRQHandler                       0x0800011b   Thumb Code     0  startup_stm32f103xb.o(.text)
    TIM3_IRQHandler                          0x0800011b   Thumb Code     0  startup_stm32f103xb.o(.text)
    TIM4_IRQHandler                          0x0800011b   Thumb Code     0  startup_stm32f103xb.o(.text)
    USART1_IRQHandler                        0x0800011b   Thumb Code     0  startup_stm32f103xb.o(.text)
    USBWakeUp_IRQHandler                     0x0800011b   Thumb Code     0  startup_stm32f103xb.o(.text)
    USB_HP_CAN1_TX_IRQHandler                0x0800011b   Thumb Code     0  startup_stm32f103xb.o(.text)
    USB_LP_CAN1_RX0_IRQHandler               0x0800011b   Thumb Code     0  startup_stm32f103xb.o(.text)
    WWDG_IRQHandler                          0x0800011b   Thumb Code     0  startup_stm32f103xb.o(.text)
    __aeabi_llsr                             0x08000125   Thumb Code    32  llushr.o(.text)
    _ll_ushift_r                             0x08000125   Thumb Code     0  llushr.o(.text)
    __aeabi_memcpy                           0x08000145   Thumb Code    36  memcpya.o(.text)
    __aeabi_memcpy4                          0x08000145   Thumb Code     0  memcpya.o(.text)
    __aeabi_memcpy8                          0x08000145   Thumb Code     0  memcpya.o(.text)
    __aeabi_memset                           0x08000169   Thumb Code    14  memseta.o(.text)
    __aeabi_memset4                          0x08000169   Thumb Code     0  memseta.o(.text)
    __aeabi_memset8                          0x08000169   Thumb Code     0  memseta.o(.text)
    __aeabi_memclr                           0x08000177   Thumb Code     4  memseta.o(.text)
    __aeabi_memclr4                          0x08000177   Thumb Code     0  memseta.o(.text)
    __aeabi_memclr8                          0x08000177   Thumb Code     0  memseta.o(.text)
    _memset$wrapper                          0x0800017b   Thumb Code    18  memseta.o(.text)
    __aeabi_fadd                             0x0800018d   Thumb Code   164  fadd.o(.text)
    __aeabi_fsub                             0x08000231   Thumb Code     6  fadd.o(.text)
    __aeabi_frsub                            0x08000237   Thumb Code     6  fadd.o(.text)
    __aeabi_fdiv                             0x0800023d   Thumb Code   124  fdiv.o(.text)
    __aeabi_f2uiz                            0x080002b9   Thumb Code    40  ffixui.o(.text)
    __aeabi_cfcmpeq                          0x080002e1   Thumb Code     0  cfcmple.o(.text)
    __aeabi_cfcmple                          0x080002e1   Thumb Code    20  cfcmple.o(.text)
    __aeabi_uldivmod                         0x080002f5   Thumb Code    98  uldiv.o(.text)
    __I$use$fp                               0x08000357   Thumb Code     0  iusefp.o(.text)
    _float_round                             0x08000357   Thumb Code    18  fepilogue.o(.text)
    _float_epilogue                          0x08000369   Thumb Code    92  fepilogue.o(.text)
    __scatterload                            0x080003c5   Thumb Code    28  init.o(.text)
    __scatterload_rt2                        0x080003c5   Thumb Code     0  init.o(.text)
    __aeabi_llsl                             0x080003e9   Thumb Code    30  llshl.o(.text)
    _ll_shift_l                              0x080003e9   Thumb Code     0  llshl.o(.text)
    BusFault_Handler                         0x08000407   Thumb Code     2  stm32f1xx_it.o(i.BusFault_Handler)
    DebugMon_Handler                         0x08000409   Thumb Code     2  stm32f1xx_it.o(i.DebugMon_Handler)
    FLASH_PageErase                          0x08000431   Thumb Code    28  stm32f1xx_hal_flash_ex.o(i.FLASH_PageErase)
    FLASH_WaitForLastOperation               0x080004cd   Thumb Code    80  stm32f1xx_hal_flash.o(i.FLASH_WaitForLastOperation)
    HAL_DMA_Abort_IT                         0x08000521   Thumb Code   148  stm32f1xx_hal_dma.o(i.HAL_DMA_Abort_IT)
    HAL_FLASHEx_Erase                        0x080005b9   Thumb Code   160  stm32f1xx_hal_flash_ex.o(i.HAL_FLASHEx_Erase)
    HAL_FLASH_Lock                           0x08000661   Thumb Code    14  stm32f1xx_hal_flash.o(i.HAL_FLASH_Lock)
    HAL_FLASH_Program                        0x08000675   Thumb Code   120  stm32f1xx_hal_flash.o(i.HAL_FLASH_Program)
    HAL_FLASH_Unlock                         0x080006f5   Thumb Code    24  stm32f1xx_hal_flash.o(i.HAL_FLASH_Unlock)
    HAL_GPIO_Init                            0x08000719   Thumb Code   408  stm32f1xx_hal_gpio.o(i.HAL_GPIO_Init)
    HAL_GPIO_ReadPin                         0x080008d5   Thumb Code    10  stm32f1xx_hal_gpio.o(i.HAL_GPIO_ReadPin)
    HAL_GetTick                              0x080008e1   Thumb Code     6  stm32f1xx_hal.o(i.HAL_GetTick)
    HAL_IncTick                              0x080008ed   Thumb Code    10  stm32f1xx_hal.o(i.HAL_IncTick)
    HAL_Init                                 0x080008fd   Thumb Code    32  stm32f1xx_hal.o(i.HAL_Init)
    HAL_InitTick                             0x08000921   Thumb Code    34  stm32f1xx_hal.o(i.HAL_InitTick)
    HAL_MspInit                              0x08000949   Thumb Code   138  stm32f1xx_hal_msp.o(i.HAL_MspInit)
    HAL_NVIC_EnableIRQ                       0x080009dd   Thumb Code    22  stm32f1xx_hal_cortex.o(i.HAL_NVIC_EnableIRQ)
    HAL_NVIC_SetPriority                     0x080009f5   Thumb Code    60  stm32f1xx_hal_cortex.o(i.HAL_NVIC_SetPriority)
    HAL_NVIC_SetPriorityGrouping             0x08000a35   Thumb Code    26  stm32f1xx_hal_cortex.o(i.HAL_NVIC_SetPriorityGrouping)
    HAL_NVIC_SystemReset                     0x08000a59   Thumb Code    26  stm32f1xx_hal_cortex.o(i.HAL_NVIC_SystemReset)
    HAL_RCC_ClockConfig                      0x08000a7d   Thumb Code   322  stm32f1xx_hal_rcc.o(i.HAL_RCC_ClockConfig)
    HAL_RCC_GetHCLKFreq                      0x08000bd1   Thumb Code     6  stm32f1xx_hal_rcc.o(i.HAL_RCC_GetHCLKFreq)
    HAL_RCC_GetPCLK1Freq                     0x08000bdd   Thumb Code    20  stm32f1xx_hal_rcc.o(i.HAL_RCC_GetPCLK1Freq)
    HAL_RCC_GetPCLK2Freq                     0x08000bfd   Thumb Code    20  stm32f1xx_hal_rcc.o(i.HAL_RCC_GetPCLK2Freq)
    HAL_RCC_GetSysClockFreq                  0x08000c1d   Thumb Code    74  stm32f1xx_hal_rcc.o(i.HAL_RCC_GetSysClockFreq)
    HAL_RCC_OscConfig                        0x08000c89   Thumb Code   750  stm32f1xx_hal_rcc.o(i.HAL_RCC_OscConfig)
    HAL_SYSTICK_CLKSourceConfig              0x08000f8d   Thumb Code    24  stm32f1xx_hal_cortex.o(i.HAL_SYSTICK_CLKSourceConfig)
    HAL_SYSTICK_Callback                     0x08000fa5   Thumb Code     2  stm32f1xx_hal_cortex.o(i.HAL_SYSTICK_Callback)
    HAL_SYSTICK_Config                       0x08000fa7   Thumb Code    40  stm32f1xx_hal_cortex.o(i.HAL_SYSTICK_Config)
    HAL_SYSTICK_IRQHandler                   0x08000fcf   Thumb Code     8  stm32f1xx_hal_cortex.o(i.HAL_SYSTICK_IRQHandler)
    HAL_TIMEx_BreakCallback                  0x08000fd7   Thumb Code     2  stm32f1xx_hal_tim_ex.o(i.HAL_TIMEx_BreakCallback)
    HAL_TIMEx_CommutationCallback            0x08000fd9   Thumb Code     2  stm32f1xx_hal_tim_ex.o(i.HAL_TIMEx_CommutationCallback)
    HAL_TIMEx_MasterConfigSynchronization    0x08000fdb   Thumb Code    80  stm32f1xx_hal_tim_ex.o(i.HAL_TIMEx_MasterConfigSynchronization)
    HAL_TIM_Base_Init                        0x0800102b   Thumb Code    54  stm32f1xx_hal_tim.o(i.HAL_TIM_Base_Init)
    HAL_TIM_Base_MspInit                     0x08001061   Thumb Code    30  stm32f1xx_hal_msp.o(i.HAL_TIM_Base_MspInit)
    HAL_TIM_Base_Start_IT                    0x08001085   Thumb Code    24  stm32f1xx_hal_tim.o(i.HAL_TIM_Base_Start_IT)
    HAL_TIM_ConfigClockSource                0x0800109d   Thumb Code   242  stm32f1xx_hal_tim.o(i.HAL_TIM_ConfigClockSource)
    HAL_TIM_IC_CaptureCallback               0x0800118f   Thumb Code     2  stm32f1xx_hal_tim.o(i.HAL_TIM_IC_CaptureCallback)
    HAL_TIM_IRQHandler                       0x08001191   Thumb Code   358  stm32f1xx_hal_tim.o(i.HAL_TIM_IRQHandler)
    HAL_TIM_OC_DelayElapsedCallback          0x080012f7   Thumb Code     2  stm32f1xx_hal_tim.o(i.HAL_TIM_OC_DelayElapsedCallback)
    HAL_TIM_PWM_PulseFinishedCallback        0x080012f9   Thumb Code     2  stm32f1xx_hal_tim.o(i.HAL_TIM_PWM_PulseFinishedCallback)
    HAL_TIM_PeriodElapsedCallback            0x080012fd   Thumb Code    24  gizwits_product.o(i.HAL_TIM_PeriodElapsedCallback)
    HAL_TIM_TriggerCallback                  0x0800131d   Thumb Code     2  stm32f1xx_hal_tim.o(i.HAL_TIM_TriggerCallback)
    HAL_UART_ErrorCallback                   0x0800131f   Thumb Code     2  stm32f1xx_hal_uart.o(i.HAL_UART_ErrorCallback)
    HAL_UART_IRQHandler                      0x08001321   Thumb Code   266  stm32f1xx_hal_uart.o(i.HAL_UART_IRQHandler)
    HAL_UART_Init                            0x08001431   Thumb Code    98  stm32f1xx_hal_uart.o(i.HAL_UART_Init)
    HAL_UART_MspInit                         0x08001495   Thumb Code   192  stm32f1xx_hal_msp.o(i.HAL_UART_MspInit)
    HAL_UART_Receive_IT                      0x0800156d   Thumb Code    82  stm32f1xx_hal_uart.o(i.HAL_UART_Receive_IT)
    HAL_UART_RxCpltCallback                  0x080015c1   Thumb Code    66  gizwits_product.o(i.HAL_UART_RxCpltCallback)
    HAL_UART_Transmit                        0x08001619   Thumb Code   186  stm32f1xx_hal_uart.o(i.HAL_UART_Transmit)
    HAL_UART_Transmit_IT                     0x080016d3   Thumb Code    62  stm32f1xx_hal_uart.o(i.HAL_UART_Transmit_IT)
    HAL_UART_TxCpltCallback                  0x08001711   Thumb Code     2  stm32f1xx_hal_uart.o(i.HAL_UART_TxCpltCallback)
    HardFault_Handler                        0x08001713   Thumb Code     2  stm32f1xx_it.o(i.HardFault_Handler)
    MemManage_Handler                        0x08001769   Thumb Code     2  stm32f1xx_it.o(i.MemManage_Handler)
    NMI_Handler                              0x0800176b   Thumb Code     2  stm32f1xx_it.o(i.NMI_Handler)
    PendSV_Handler                           0x0800178d   Thumb Code     2  stm32f1xx_it.o(i.PendSV_Handler)
    SVC_Handler                              0x0800178f   Thumb Code     2  stm32f1xx_it.o(i.SVC_Handler)
    SysTick_Handler                          0x08001791   Thumb Code    14  stm32f1xx_it.o(i.SysTick_Handler)
    SystemClock_Config                       0x0800179f   Thumb Code   104  main.o(i.SystemClock_Config)
    SystemInit                               0x08001809   Thumb Code    56  system_stm32f1xx.o(i.SystemInit)
    TIM2_IRQHandler                          0x08001851   Thumb Code     6  stm32f1xx_it.o(i.TIM2_IRQHandler)
    TIM_Base_SetConfig                       0x0800185d   Thumb Code    94  stm32f1xx_hal_tim.o(i.TIM_Base_SetConfig)
    USART2_IRQHandler                        0x08001c2d   Thumb Code     6  stm32f1xx_it.o(i.USART2_IRQHandler)
    USART3_IRQHandler                        0x08001c39   Thumb Code     6  stm32f1xx_it.o(i.USART3_IRQHandler)
    UsageFault_Handler                       0x08001c45   Thumb Code     2  stm32f1xx_it.o(i.UsageFault_Handler)
    __0printf$8                              0x08001c49   Thumb Code    22  printf8.o(i.__0printf$8)
    __1printf$8                              0x08001c49   Thumb Code     0  printf8.o(i.__0printf$8)
    __2printf                                0x08001c49   Thumb Code     0  printf8.o(i.__0printf$8)
    __scatterload_copy                       0x08001c69   Thumb Code    14  handlers.o(i.__scatterload_copy)
    __scatterload_null                       0x08001c77   Thumb Code     2  handlers.o(i.__scatterload_null)
    __scatterload_zeroinit                   0x08001c79   Thumb Code    14  handlers.o(i.__scatterload_zeroinit)
    calculateDynamicBitPartLen               0x080020eb   Thumb Code    14  gizwits_protocol.o(i.calculateDynamicBitPartLen)
    exchangeBytes                            0x080020f9   Thumb Code    16  common.o(i.exchangeBytes)
    exchangeWord                             0x08002109   Thumb Code     4  common.o(i.exchangeWord)
    fputc                                    0x0800210d   Thumb Code    20  gizwits_product.o(i.fputc)
    free                                     0x08002125   Thumb Code    76  malloc.o(i.free)
    getKey                                   0x08002175   Thumb Code    84  hal_key.o(i.getKey)
    gizAcrossByteJudge                       0x080021cd   Thumb Code    30  datapointtools.o(i.gizAcrossByteJudge)
    gizByteOrderExchange                     0x080021eb   Thumb Code    36  datapointtools.o(i.gizByteOrderExchange)
    gizGetTimerCount                         0x08002b39   Thumb Code     6  gizwits_product.o(i.gizGetTimerCount)
    gizGpsPutData                            0x08002bbd   Thumb Code    40  gizwits_protocol.o(i.gizGpsPutData)
    gizProtocolSum                           0x08003885   Thumb Code    36  common.o(i.gizProtocolSum)
    gizPutData                               0x08003951   Thumb Code    40  gizwits_protocol.o(i.gizPutData)
    gizTimerMs                               0x08003a91   Thumb Code    10  gizwits_product.o(i.gizTimerMs)
    gizVarlenCompressValue                   0x08003aa1   Thumb Code    76  datapointtools.o(i.gizVarlenCompressValue)
    gizVarlenDecompressionValue              0x08003aed   Thumb Code   136  datapointtools.o(i.gizVarlenDecompressionValue)
    gizX2Y                                   0x08003b75   Thumb Code     6  datapointtools.o(i.gizX2Y)
    gizY2X                                   0x08003b7b   Thumb Code     8  datapointtools.o(i.gizY2X)
    gizY2XFloat                              0x08003b83   Thumb Code    24  datapointtools.o(i.gizY2XFloat)
    gizwitsEventProcess                      0x08003b9d   Thumb Code   168  gizwits_product.o(i.gizwitsEventProcess)
    gizwitsHandle                            0x08003d11   Thumb Code   588  gizwits_protocol.o(i.gizwitsHandle)
    gizwitsInit                              0x08004089   Thumb Code    78  gizwits_protocol.o(i.gizwitsInit)
    keyHandle                                0x08004139   Thumb Code   126  hal_key.o(i.keyHandle)
    keyInit                                  0x080041b9   Thumb Code    14  main.o(i.keyInit)
    keyParaInit                              0x080041d1   Thumb Code    20  hal_key.o(i.keyParaInit)
    main                                     0x080041e9   Thumb Code   256  main.o(i.main)
    mcuRestart                               0x08004319   Thumb Code    10  gizwits_product.o(i.mcuRestart)
    printFlashTest                           0x08004325   Thumb Code    12  user_flash.o(i.printFlashTest)
    rbCanRead                                0x0800434d   Thumb Code    50  ringbuffer.o(i.rbCanRead)
    rbCanWrite                               0x0800437f   Thumb Code    28  ringbuffer.o(i.rbCanWrite)
    rbCapacity                               0x0800439b   Thumb Code    12  ringbuffer.o(i.rbCapacity)
    rbCreate                                 0x080043a7   Thumb Code    18  ringbuffer.o(i.rbCreate)
    rbRead                                   0x080043b9   Thumb Code   126  ringbuffer.o(i.rbRead)
    rbWrite                                  0x08004437   Thumb Code   142  ringbuffer.o(i.rbWrite)
    readKeyValue                             0x080044c5   Thumb Code   130  hal_key.o(i.readKeyValue)
    timerInit                                0x0800454d   Thumb Code     6  gizwits_product.o(i.timerInit)
    uartInit                                 0x08004559   Thumb Code    28  gizwits_product.o(i.uartInit)
    uartWrite                                0x08004581   Thumb Code   140  gizwits_product.o(i.uartWrite)
    userHandle                               0x08004639   Thumb Code     2  gizwits_product.o(i.userHandle)
    userInit                                 0x0800463d   Thumb Code     8  gizwits_product.o(i.userInit)
    writeFlashTest                           0x08004649   Thumb Code    52  user_flash.o(i.writeFlashTest)
    AHBPrescTable                            0x08004680   Data          16  system_stm32f1xx.o(.constdata)
    APBPrescTable                            0x08004690   Data           8  system_stm32f1xx.o(.constdata)
    Region$$Table$$Base                      0x080046e0   Number         0  anon$$obj.o(Region$$Table)
    Region$$Table$$Limit                     0x08004700   Number         0  anon$$obj.o(Region$$Table)
    keys                                     0x20000000   Data           5  main.o(.data)
    aRxBuffer                                0x20000008   Data           1  gizwits_product.o(.data)
    gpsRxBuffer                              0x20000009   Data           1  gizwits_product.o(.data)
    keyCountTime                             0x20000024   Data           1  hal_key.o(.data)
    writeFlashData                           0x2000002c   Data           4  user_flash.o(.data)
    addr                                     0x20000030   Data           4  user_flash.o(.data)
    uwTick                                   0x20000034   Data           4  stm32f1xx_hal.o(.data)
    SystemCoreClock                          0x20000038   Data           4  system_stm32f1xx.o(.data)
    __stdout                                 0x2000003c   Data           4  stdout.o(.data)
    __microlib_freelist                      0x20000040   Data           4  mvars.o(.data)
    htim2                                    0x20000044   Data          64  main.o(.bss)
    huart1                                   0x20000084   Data          64  main.o(.bss)
    huart2                                   0x200000c4   Data          64  main.o(.bss)
    huart3                                   0x20000104   Data          64  main.o(.bss)
    singleKey                                0x20000144   Data          42  main.o(.bss)
    currentDataPoint                         0x2000016e   Data          53  gizwits_product.o(.bss)
    gizwitsProtocol                          0x200001a3   Data         475  gizwits_protocol.o(.bss)
    pRb                                      0x2000037e   Data          16  gizwits_protocol.o(.bss)
    pGps                                     0x2000038e   Data          16  gizwits_protocol.o(.bss)
    pFlash                                   0x20000468   Data          32  stm32f1xx_hal_flash.o(.bss)
    __initial_sp                             0x20002488   Data           0  startup_stm32f103xb.o(STACK)



==============================================================================

Memory Map of the image

  Image Entry point : 0x080000ed

  Load Region LR_IROM1 (Base: 0x08000000, Size: 0x00004744, Max: 0x00010000, ABSOLUTE)

    Execution Region ER_IROM1 (Base: 0x08000000, Size: 0x00004700, Max: 0x00010000, ABSOLUTE)

    Base Addr    Size         Type   Attr      Idx    E Section Name        Object

    0x08000000   0x000000ec   Data   RO         2981    RESET               startup_stm32f103xb.o
    0x080000ec   0x00000000   Code   RO         3024  * .ARM.Collect$$$$00000000  mc_w.l(entry.o)
    0x080000ec   0x00000004   Code   RO         3340    .ARM.Collect$$$$00000001  mc_w.l(entry2.o)
    0x080000f0   0x00000004   Code   RO         3343    .ARM.Collect$$$$00000004  mc_w.l(entry5.o)
    0x080000f4   0x00000000   Code   RO         3345    .ARM.Collect$$$$00000008  mc_w.l(entry7b.o)
    0x080000f4   0x00000000   Code   RO         3347    .ARM.Collect$$$$0000000A  mc_w.l(entry8b.o)
    0x080000f4   0x00000008   Code   RO         3348    .ARM.Collect$$$$0000000B  mc_w.l(entry9a.o)
    0x080000fc   0x00000000   Code   RO         3350    .ARM.Collect$$$$0000000D  mc_w.l(entry10a.o)
    0x080000fc   0x00000000   Code   RO         3352    .ARM.Collect$$$$0000000F  mc_w.l(entry11a.o)
    0x080000fc   0x00000004   Code   RO         3341    .ARM.Collect$$$$00002712  mc_w.l(entry2.o)
    0x08000100   0x00000024   Code   RO         2982    .text               startup_stm32f103xb.o
    0x08000124   0x00000020   Code   RO         3027    .text               mc_w.l(llushr.o)
    0x08000144   0x00000024   Code   RO         3031    .text               mc_w.l(memcpya.o)
    0x08000168   0x00000024   Code   RO         3033    .text               mc_w.l(memseta.o)
    0x0800018c   0x000000b0   Code   RO         3328    .text               mf_w.l(fadd.o)
    0x0800023c   0x0000007c   Code   RO         3332    .text               mf_w.l(fdiv.o)
    0x080002b8   0x00000028   Code   RO         3336    .text               mf_w.l(ffixui.o)
    0x080002e0   0x00000014   Code   RO         3338    .text               mf_w.l(cfcmple.o)
    0x080002f4   0x00000062   Code   RO         3357    .text               mc_w.l(uldiv.o)
    0x08000356   0x00000000   Code   RO         3361    .text               mc_w.l(iusefp.o)
    0x08000356   0x0000006e   Code   RO         3362    .text               mf_w.l(fepilogue.o)
    0x080003c4   0x00000024   Code   RO         3374    .text               mc_w.l(init.o)
    0x080003e8   0x0000001e   Code   RO         3376    .text               mc_w.l(llshl.o)
    0x08000406   0x00000002   Code   RO          239    i.BusFault_Handler  stm32f1xx_it.o
    0x08000408   0x00000002   Code   RO          240    i.DebugMon_Handler  stm32f1xx_it.o
    0x0800040a   0x00000002   PAD
    0x0800040c   0x00000024   Code   RO         1326    i.FLASH_MassErase   stm32f1xx_hal_flash_ex.o
    0x08000430   0x00000024   Code   RO         1331    i.FLASH_PageErase   stm32f1xx_hal_flash_ex.o
    0x08000454   0x0000001c   Code   RO         1644    i.FLASH_Program_HalfWord  stm32f1xx_hal_flash.o
    0x08000470   0x0000005c   Code   RO         1645    i.FLASH_SetErrorCode  stm32f1xx_hal_flash.o
    0x080004cc   0x00000054   Code   RO         1646    i.FLASH_WaitForLastOperation  stm32f1xx_hal_flash.o
    0x08000520   0x00000098   Code   RO         1413    i.HAL_DMA_Abort_IT  stm32f1xx_hal_dma.o
    0x080005b8   0x000000a8   Code   RO         1332    i.HAL_FLASHEx_Erase  stm32f1xx_hal_flash_ex.o
    0x08000660   0x00000014   Code   RO         1650    i.HAL_FLASH_Lock    stm32f1xx_hal_flash.o
    0x08000674   0x00000080   Code   RO         1655    i.HAL_FLASH_Program  stm32f1xx_hal_flash.o
    0x080006f4   0x00000024   Code   RO         1657    i.HAL_FLASH_Unlock  stm32f1xx_hal_flash.o
    0x08000718   0x000001bc   Code   RO         1263    i.HAL_GPIO_Init     stm32f1xx_hal_gpio.o
    0x080008d4   0x0000000a   Code   RO         1265    i.HAL_GPIO_ReadPin  stm32f1xx_hal_gpio.o
    0x080008de   0x00000002   PAD
    0x080008e0   0x0000000c   Code   RO         1130    i.HAL_GetTick       stm32f1xx_hal.o
    0x080008ec   0x00000010   Code   RO         1132    i.HAL_IncTick       stm32f1xx_hal.o
    0x080008fc   0x00000024   Code   RO         1133    i.HAL_Init          stm32f1xx_hal.o
    0x08000920   0x00000028   Code   RO         1134    i.HAL_InitTick      stm32f1xx_hal.o
    0x08000948   0x00000094   Code   RO            4    i.HAL_MspInit       stm32f1xx_hal_msp.o
    0x080009dc   0x00000016   Code   RO         2416    i.HAL_NVIC_EnableIRQ  stm32f1xx_hal_cortex.o
    0x080009f2   0x00000002   PAD
    0x080009f4   0x00000040   Code   RO         2422    i.HAL_NVIC_SetPriority  stm32f1xx_hal_cortex.o
    0x08000a34   0x00000024   Code   RO         2423    i.HAL_NVIC_SetPriorityGrouping  stm32f1xx_hal_cortex.o
    0x08000a58   0x00000024   Code   RO         2424    i.HAL_NVIC_SystemReset  stm32f1xx_hal_cortex.o
    0x08000a7c   0x00000154   Code   RO         1543    i.HAL_RCC_ClockConfig  stm32f1xx_hal_rcc.o
    0x08000bd0   0x0000000c   Code   RO         1548    i.HAL_RCC_GetHCLKFreq  stm32f1xx_hal_rcc.o
    0x08000bdc   0x00000020   Code   RO         1550    i.HAL_RCC_GetPCLK1Freq  stm32f1xx_hal_rcc.o
    0x08000bfc   0x00000020   Code   RO         1551    i.HAL_RCC_GetPCLK2Freq  stm32f1xx_hal_rcc.o
    0x08000c1c   0x0000006c   Code   RO         1552    i.HAL_RCC_GetSysClockFreq  stm32f1xx_hal_rcc.o
    0x08000c88   0x00000304   Code   RO         1555    i.HAL_RCC_OscConfig  stm32f1xx_hal_rcc.o
    0x08000f8c   0x00000018   Code   RO         2425    i.HAL_SYSTICK_CLKSourceConfig  stm32f1xx_hal_cortex.o
    0x08000fa4   0x00000002   Code   RO         2426    i.HAL_SYSTICK_Callback  stm32f1xx_hal_cortex.o
    0x08000fa6   0x00000028   Code   RO         2427    i.HAL_SYSTICK_Config  stm32f1xx_hal_cortex.o
    0x08000fce   0x00000008   Code   RO         2428    i.HAL_SYSTICK_IRQHandler  stm32f1xx_hal_cortex.o
    0x08000fd6   0x00000002   Code   RO          886    i.HAL_TIMEx_BreakCallback  stm32f1xx_hal_tim_ex.o
    0x08000fd8   0x00000002   Code   RO          887    i.HAL_TIMEx_CommutationCallback  stm32f1xx_hal_tim_ex.o
    0x08000fda   0x00000050   Code   RO          903    i.HAL_TIMEx_MasterConfigSynchronization  stm32f1xx_hal_tim_ex.o
    0x0800102a   0x00000036   Code   RO         1785    i.HAL_TIM_Base_Init  stm32f1xx_hal_tim.o
    0x08001060   0x00000024   Code   RO            6    i.HAL_TIM_Base_MspInit  stm32f1xx_hal_msp.o
    0x08001084   0x00000018   Code   RO         1790    i.HAL_TIM_Base_Start_IT  stm32f1xx_hal_tim.o
    0x0800109c   0x000000f2   Code   RO         1794    i.HAL_TIM_ConfigClockSource  stm32f1xx_hal_tim.o
    0x0800118e   0x00000002   Code   RO         1814    i.HAL_TIM_IC_CaptureCallback  stm32f1xx_hal_tim.o
    0x08001190   0x00000166   Code   RO         1827    i.HAL_TIM_IRQHandler  stm32f1xx_hal_tim.o
    0x080012f6   0x00000002   Code   RO         1830    i.HAL_TIM_OC_DelayElapsedCallback  stm32f1xx_hal_tim.o
    0x080012f8   0x00000002   Code   RO         1857    i.HAL_TIM_PWM_PulseFinishedCallback  stm32f1xx_hal_tim.o
    0x080012fa   0x00000002   PAD
    0x080012fc   0x00000020   Code   RO          333    i.HAL_TIM_PeriodElapsedCallback  gizwits_product.o
    0x0800131c   0x00000002   Code   RO         1868    i.HAL_TIM_TriggerCallback  stm32f1xx_hal_tim.o
    0x0800131e   0x00000002   Code   RO         2677    i.HAL_UART_ErrorCallback  stm32f1xx_hal_uart.o
    0x08001320   0x00000110   Code   RO         2680    i.HAL_UART_IRQHandler  stm32f1xx_hal_uart.o
    0x08001430   0x00000062   Code   RO         2681    i.HAL_UART_Init     stm32f1xx_hal_uart.o
    0x08001492   0x00000002   PAD
    0x08001494   0x000000d8   Code   RO            8    i.HAL_UART_MspInit  stm32f1xx_hal_msp.o
    0x0800156c   0x00000052   Code   RO         2686    i.HAL_UART_Receive_IT  stm32f1xx_hal_uart.o
    0x080015be   0x00000002   PAD
    0x080015c0   0x00000058   Code   RO          334    i.HAL_UART_RxCpltCallback  gizwits_product.o
    0x08001618   0x000000ba   Code   RO         2689    i.HAL_UART_Transmit  stm32f1xx_hal_uart.o
    0x080016d2   0x0000003e   Code   RO         2691    i.HAL_UART_Transmit_IT  stm32f1xx_hal_uart.o
    0x08001710   0x00000002   Code   RO         2692    i.HAL_UART_TxCpltCallback  stm32f1xx_hal_uart.o
    0x08001712   0x00000002   Code   RO          241    i.HardFault_Handler  stm32f1xx_it.o
    0x08001714   0x00000054   Code   RO          136    i.MX_TIM2_Init      main.o
    0x08001768   0x00000002   Code   RO          242    i.MemManage_Handler  stm32f1xx_it.o
    0x0800176a   0x00000002   Code   RO          243    i.NMI_Handler       stm32f1xx_it.o
    0x0800176c   0x00000020   Code   RO         2429    i.NVIC_SetPriority  stm32f1xx_hal_cortex.o
    0x0800178c   0x00000002   Code   RO          244    i.PendSV_Handler    stm32f1xx_it.o
    0x0800178e   0x00000002   Code   RO          245    i.SVC_Handler       stm32f1xx_it.o
    0x08001790   0x0000000e   Code   RO          246    i.SysTick_Handler   stm32f1xx_it.o
    0x0800179e   0x00000068   Code   RO          137    i.SystemClock_Config  main.o
    0x08001806   0x00000002   PAD
    0x08001808   0x00000048   Code   RO         2990    i.SystemInit        system_stm32f1xx.o
    0x08001850   0x0000000c   Code   RO          247    i.TIM2_IRQHandler   stm32f1xx_it.o
    0x0800185c   0x0000006c   Code   RO         1869    i.TIM_Base_SetConfig  stm32f1xx_hal_tim.o
    0x080018c8   0x00000014   Code   RO         1876    i.TIM_ETR_SetConfig  stm32f1xx_hal_tim.o
    0x080018dc   0x00000010   Code   RO         1877    i.TIM_ITRx_SetConfig  stm32f1xx_hal_tim.o
    0x080018ec   0x00000022   Code   RO         1883    i.TIM_TI1_ConfigInputStage  stm32f1xx_hal_tim.o
    0x0800190e   0x00000024   Code   RO         1885    i.TIM_TI2_ConfigInputStage  stm32f1xx_hal_tim.o
    0x08001932   0x00000010   Code   RO         2694    i.UART_DMAAbortOnError  stm32f1xx_hal_uart.o
    0x08001942   0x0000001c   Code   RO         2704    i.UART_EndRxTransfer  stm32f1xx_hal_uart.o
    0x0800195e   0x00000096   Code   RO         2706    i.UART_Receive_IT   stm32f1xx_hal_uart.o
    0x080019f4   0x00000170   Code   RO         2707    i.UART_SetConfig    stm32f1xx_hal_uart.o
    0x08001b64   0x00000062   Code   RO         2708    i.UART_Transmit_IT  stm32f1xx_hal_uart.o
    0x08001bc6   0x00000064   Code   RO         2709    i.UART_WaitOnFlagUntilTimeout  stm32f1xx_hal_uart.o
    0x08001c2a   0x00000002   PAD
    0x08001c2c   0x0000000c   Code   RO          248    i.USART2_IRQHandler  stm32f1xx_it.o
    0x08001c38   0x0000000c   Code   RO          249    i.USART3_IRQHandler  stm32f1xx_it.o
    0x08001c44   0x00000002   Code   RO          250    i.UsageFault_Handler  stm32f1xx_it.o
    0x08001c46   0x00000002   PAD
    0x08001c48   0x00000020   Code   RO         3246    i.__0printf$8       mc_w.l(printf8.o)
    0x08001c68   0x0000000e   Code   RO         3384    i.__scatterload_copy  mc_w.l(handlers.o)
    0x08001c76   0x00000002   Code   RO         3385    i.__scatterload_null  mc_w.l(handlers.o)
    0x08001c78   0x0000000e   Code   RO         3386    i.__scatterload_zeroinit  mc_w.l(handlers.o)
    0x08001c86   0x00000002   PAD
    0x08001c88   0x00000410   Code   RO         3253    i._printf_core      mc_w.l(printf8.o)
    0x08002098   0x00000024   Code   RO         3254    i._printf_post_padding  mc_w.l(printf8.o)
    0x080020bc   0x0000002e   Code   RO         3255    i._printf_pre_padding  mc_w.l(printf8.o)
    0x080020ea   0x0000000e   Code   RO          432    i.calculateDynamicBitPartLen  gizwits_protocol.o
    0x080020f8   0x00000010   Code   RO          706    i.exchangeBytes     common.o
    0x08002108   0x00000004   Code   RO          707    i.exchangeWord      common.o
    0x0800210c   0x00000018   Code   RO          335    i.fputc             gizwits_product.o
    0x08002124   0x00000050   Code   RO         3300    i.free              mc_w.l(malloc.o)
    0x08002174   0x00000058   Code   RO          609    i.getKey            hal_key.o
    0x080021cc   0x0000001e   Code   RO          770    i.gizAcrossByteJudge  datapointtools.o
    0x080021ea   0x00000024   Code   RO          771    i.gizByteOrderExchange  datapointtools.o
    0x0800220e   0x00000002   PAD
    0x08002210   0x000003dc   Code   RO          433    i.gizCheckReport    gizwits_protocol.o
    0x080025ec   0x00000124   Code   RO          434    i.gizDataPoint2Event  gizwits_protocol.o
    0x08002710   0x00000344   Code   RO          435    i.gizDataPoints2ReportData  gizwits_protocol.o
    0x08002a54   0x000000e4   Code   RO          436    i.gizDevReportPolicy  gizwits_protocol.o
    0x08002b38   0x0000000c   Code   RO          336    i.gizGetTimerCount  gizwits_product.o
    0x08002b44   0x00000078   Code   RO          437    i.gizGpsPacket      gizwits_protocol.o
    0x08002bbc   0x0000006c   Code   RO          438    i.gizGpsPutData     gizwits_protocol.o
    0x08002c28   0x0000007c   Code   RO          439    i.gizProtocolAckHandle  gizwits_protocol.o
    0x08002ca4   0x00000098   Code   RO          440    i.gizProtocolCommonAck  gizwits_protocol.o
    0x08002d3c   0x000000a0   Code   RO          441    i.gizProtocolErrorCmd  gizwits_protocol.o
    0x08002ddc   0x00000178   Code   RO          442    i.gizProtocolGetDeviceInfo  gizwits_protocol.o
    0x08002f54   0x00000160   Code   RO          443    i.gizProtocolGetOnePacket  gizwits_protocol.o
    0x080030b4   0x0000004c   Code   RO          444    i.gizProtocolHeadInit  gizwits_protocol.o
    0x08003100   0x00000120   Code   RO          445    i.gizProtocolIssuedDataAck  gizwits_protocol.o
    0x08003220   0x00000164   Code   RO          446    i.gizProtocolIssuedProcess  gizwits_protocol.o
    0x08003384   0x00000414   Code   RO          447    i.gizProtocolModuleStatus  gizwits_protocol.o
    0x08003798   0x00000078   Code   RO          448    i.gizProtocolNTP    gizwits_protocol.o
    0x08003810   0x00000074   Code   RO          449    i.gizProtocolResendData  gizwits_protocol.o
    0x08003884   0x00000024   Code   RO          708    i.gizProtocolSum    common.o
    0x080038a8   0x00000060   Code   RO          450    i.gizProtocolWaitAck  gizwits_protocol.o
    0x08003908   0x00000048   Code   RO          451    i.gizProtocolWaitAckCheck  gizwits_protocol.o
    0x08003950   0x00000068   Code   RO          452    i.gizPutData        gizwits_protocol.o
    0x080039b8   0x000000d8   Code   RO          453    i.gizReportData     gizwits_protocol.o
    0x08003a90   0x00000010   Code   RO          337    i.gizTimerMs        gizwits_product.o
    0x08003aa0   0x0000004c   Code   RO          774    i.gizVarlenCompressValue  datapointtools.o
    0x08003aec   0x00000088   Code   RO          775    i.gizVarlenDecompressionValue  datapointtools.o
    0x08003b74   0x00000006   Code   RO          776    i.gizX2Y            datapointtools.o
    0x08003b7a   0x00000008   Code   RO          778    i.gizY2X            datapointtools.o
    0x08003b82   0x00000018   Code   RO          779    i.gizY2XFloat       datapointtools.o
    0x08003b9a   0x00000002   PAD
    0x08003b9c   0x00000174   Code   RO          338    i.gizwitsEventProcess  gizwits_product.o
    0x08003d10   0x00000378   Code   RO          456    i.gizwitsHandle     gizwits_protocol.o
    0x08004088   0x000000b0   Code   RO          457    i.gizwitsInit       gizwits_protocol.o
    0x08004138   0x0000007e   Code   RO          610    i.keyHandle         hal_key.o
    0x080041b6   0x00000002   PAD
    0x080041b8   0x00000018   Code   RO          143    i.keyInit           main.o
    0x080041d0   0x00000018   Code   RO          612    i.keyParaInit       hal_key.o
    0x080041e8   0x00000130   Code   RO          144    i.main              main.o
    0x08004318   0x0000000a   Code   RO          339    i.mcuRestart        gizwits_product.o
    0x08004322   0x00000002   PAD
    0x08004324   0x00000028   Code   RO          674    i.printFlashTest    user_flash.o
    0x0800434c   0x00000032   Code   RO          836    i.rbCanRead         ringbuffer.o
    0x0800437e   0x0000001c   Code   RO          837    i.rbCanWrite        ringbuffer.o
    0x0800439a   0x0000000c   Code   RO          838    i.rbCapacity        ringbuffer.o
    0x080043a6   0x00000012   Code   RO          839    i.rbCreate          ringbuffer.o
    0x080043b8   0x0000007e   Code   RO          841    i.rbRead            ringbuffer.o
    0x08004436   0x0000008e   Code   RO          842    i.rbWrite           ringbuffer.o
    0x080044c4   0x00000088   Code   RO          613    i.readKeyValue      hal_key.o
    0x0800454c   0x0000000c   Code   RO          340    i.timerInit         gizwits_product.o
    0x08004558   0x00000028   Code   RO          341    i.uartInit          gizwits_product.o
    0x08004580   0x000000b8   Code   RO          342    i.uartWrite         gizwits_product.o
    0x08004638   0x00000002   Code   RO          343    i.userHandle        gizwits_product.o
    0x0800463a   0x00000002   PAD
    0x0800463c   0x0000000c   Code   RO          344    i.userInit          gizwits_product.o
    0x08004648   0x00000038   Code   RO          675    i.writeFlashTest    user_flash.o
    0x08004680   0x00000010   Data   RO         2991    .constdata          system_stm32f1xx.o
    0x08004690   0x00000008   Data   RO         2992    .constdata          system_stm32f1xx.o
    0x08004698   0x00000047   Data   RO          146    .conststring        main.o
    0x080046df   0x00000001   PAD
    0x080046e0   0x00000020   Data   RO         3382    Region$$Table       anon$$obj.o


    Execution Region RW_IRAM1 (Base: 0x20000000, Size: 0x00002488, Max: 0x00005000, ABSOLUTE)

    Base Addr    Size         Type   Attr      Idx    E Section Name        Object

    0x20000000   0x00000005   Data   RW          147    .data               main.o
    0x20000005   0x00000003   PAD
    0x20000008   0x00000008   Data   RW          346    .data               gizwits_product.o
    0x20000010   0x00000010   Data   RW          461    .data               gizwits_protocol.o
    0x20000020   0x0000000a   Data   RW          614    .data               hal_key.o
    0x2000002a   0x00000002   PAD
    0x2000002c   0x00000008   Data   RW          676    .data               user_flash.o
    0x20000034   0x00000004   Data   RW         1139    .data               stm32f1xx_hal.o
    0x20000038   0x00000004   Data   RW         2993    .data               system_stm32f1xx.o
    0x2000003c   0x00000004   Data   RW         3354    .data               mc_w.l(stdout.o)
    0x20000040   0x00000004   Data   RW         3359    .data               mc_w.l(mvars.o)
    0x20000044   0x0000012a   Zero   RW          145    .bss                main.o
    0x2000016e   0x00000035   Zero   RW          345    .bss                gizwits_product.o
    0x200001a3   0x000002c3   Zero   RW          460    .bss                gizwits_protocol.o
    0x20000466   0x00000002   PAD
    0x20000468   0x00000020   Zero   RW         1658    .bss                stm32f1xx_hal_flash.o
    0x20000488   0x00002000   Zero   RW         2979    STACK               startup_stm32f103xb.o


==============================================================================

Image component sizes


      Code (inc. data)   RO Data    RW Data    ZI Data      Debug   Object Name

        56          0          0          0          0       1896   common.o
       316          0          0          0          0       4547   datapointtools.o
       804        336          0          8         53       9471   gizwits_product.o
      7302       2762          0         16        707      18363   gizwits_protocol.o
       374         14          0         10          0       3413   hal_key.o
       516         64         71          5        298      14237   main.o
       376          0          0          0          0       3646   ringbuffer.o
        36          8        236          0       8192        752   startup_stm32f103xb.o
       104         22          0          4          0       2951   stm32f1xx_hal.o
       264         24          0          0          0      27424   stm32f1xx_hal_cortex.o
       152          4          0          0          0        999   stm32f1xx_hal_dma.o
       388         46          0          0         32       4266   stm32f1xx_hal_flash.o
       240         26          0          0          0       3033   stm32f1xx_hal_flash_ex.o
       454         36          0          0          0       2515   stm32f1xx_hal_gpio.o
       400         40          0          0          0     440000   stm32f1xx_hal_msp.o
      1296        104          0          0          0       5304   stm32f1xx_hal_rcc.o
       900         14          0          0          0       8663   stm32f1xx_hal_tim.o
        84          0          0          0          0       2210   stm32f1xx_hal_tim_ex.o
      1464         10          0          0          0       8862   stm32f1xx_hal_uart.o
        66         18          0          0          0       4900   stm32f1xx_it.o
        72         16         24          4          0       1103   system_stm32f1xx.o
        96         32          0          8          0       1180   user_flash.o

    ----------------------------------------------------------------------
     15788       3576        364         60       9284     569735   Object Totals
         0          0         32          0          0          0   (incl. Generated)
        28          0          1          5          2          0   (incl. Padding)

    ----------------------------------------------------------------------

      Code (inc. data)   RO Data    RW Data    ZI Data      Debug   Library Member Name

         0          0          0          0          0          0   entry.o
         0          0          0          0          0          0   entry10a.o
         0          0          0          0          0          0   entry11a.o
         8          4          0          0          0          0   entry2.o
         4          0          0          0          0          0   entry5.o
         0          0          0          0          0          0   entry7b.o
         0          0          0          0          0          0   entry8b.o
         8          4          0          0          0          0   entry9a.o
        30          0          0          0          0          0   handlers.o
        36          8          0          0          0         68   init.o
         0          0          0          0          0          0   iusefp.o
        30          0          0          0          0         68   llshl.o
        32          0          0          0          0         68   llushr.o
        80          4          0          0          0         76   malloc.o
        36          0          0          0          0         68   memcpya.o
        36          0          0          0          0        108   memseta.o
         0          0          0          4          0          0   mvars.o
      1154         54          0          0          0        352   printf8.o
         0          0          0          4          0          0   stdout.o
        98          0          0          0          0         92   uldiv.o
        20          0          0          0          0         68   cfcmple.o
       176          0          0          0          0        140   fadd.o
       124          0          0          0          0         88   fdiv.o
       110          0          0          0          0        168   fepilogue.o
        40          0          0          0          0         68   ffixui.o

    ----------------------------------------------------------------------
      2024         74          0          8          0       1432   Library Totals
         2          0          0          0          0          0   (incl. Padding)

    ----------------------------------------------------------------------

      Code (inc. data)   RO Data    RW Data    ZI Data      Debug   Library Name

      1552         74          0          8          0        900   mc_w.l
       470          0          0          0          0        532   mf_w.l

    ----------------------------------------------------------------------
      2024         74          0          8          0       1432   Library Totals

    ----------------------------------------------------------------------

==============================================================================


      Code (inc. data)   RO Data    RW Data    ZI Data      Debug   

     17812       3650        364         68       9284     563727   Grand Totals
     17812       3650        364         68       9284     563727   ELF Image Totals
     17812       3650        364         68          0          0   ROM Totals

==============================================================================

    Total RO  Size (Code + RO Data)                18176 (  17.75kB)
    Total RW  Size (RW Data + ZI Data)              9352 (   9.13kB)
    Total ROM Size (Code + RO Data + RW Data)      18244 (  17.82kB)

==============================================================================

